Archive member included to satisfy reference by file (symbol)

/Users/kroko/Library/Application Support/Code/User/globalStorage/bmd.stm32-for-vscode/@xpack-dev-tools/arm-none-eabi-gcc/13.3.1-1.1.1/.content/bin/../lib/gcc/arm-none-eabi/13.3.1/../../../../arm-none-eabi/lib/thumb/v7e-m+fp/hard/libc_nano.a(libc_a-atexit.o)
                              /Users/kroko/Library/Application Support/Code/User/globalStorage/bmd.stm32-for-vscode/@xpack-dev-tools/arm-none-eabi-gcc/13.3.1-1.1.1/.content/bin/../lib/gcc/arm-none-eabi/13.3.1/../../../../arm-none-eabi/lib/thumb/v7e-m+fp/hard/crt0.o (atexit)
/Users/kroko/Library/Application Support/Code/User/globalStorage/bmd.stm32-for-vscode/@xpack-dev-tools/arm-none-eabi-gcc/13.3.1-1.1.1/.content/bin/../lib/gcc/arm-none-eabi/13.3.1/../../../../arm-none-eabi/lib/thumb/v7e-m+fp/hard/libc_nano.a(libc_a-exit.o)
                              /Users/kroko/Library/Application Support/Code/User/globalStorage/bmd.stm32-for-vscode/@xpack-dev-tools/arm-none-eabi-gcc/13.3.1-1.1.1/.content/bin/../lib/gcc/arm-none-eabi/13.3.1/../../../../arm-none-eabi/lib/thumb/v7e-m+fp/hard/crt0.o (exit)
/Users/kroko/Library/Application Support/Code/User/globalStorage/bmd.stm32-for-vscode/@xpack-dev-tools/arm-none-eabi-gcc/13.3.1-1.1.1/.content/bin/../lib/gcc/arm-none-eabi/13.3.1/../../../../arm-none-eabi/lib/thumb/v7e-m+fp/hard/libc_nano.a(libc_a-findfp.o)
                              /Users/kroko/Library/Application Support/Code/User/globalStorage/bmd.stm32-for-vscode/@xpack-dev-tools/arm-none-eabi-gcc/13.3.1-1.1.1/.content/bin/../lib/gcc/arm-none-eabi/13.3.1/../../../../arm-none-eabi/lib/thumb/v7e-m+fp/hard/libc_nano.a(libc_a-exit.o) (__stdio_exit_handler)
/Users/kroko/Library/Application Support/Code/User/globalStorage/bmd.stm32-for-vscode/@xpack-dev-tools/arm-none-eabi-gcc/13.3.1-1.1.1/.content/bin/../lib/gcc/arm-none-eabi/13.3.1/../../../../arm-none-eabi/lib/thumb/v7e-m+fp/hard/libc_nano.a(libc_a-fwalk.o)
                              /Users/kroko/Library/Application Support/Code/User/globalStorage/bmd.stm32-for-vscode/@xpack-dev-tools/arm-none-eabi-gcc/13.3.1-1.1.1/.content/bin/../lib/gcc/arm-none-eabi/13.3.1/../../../../arm-none-eabi/lib/thumb/v7e-m+fp/hard/libc_nano.a(libc_a-findfp.o) (_fwalk_sglue)
/Users/kroko/Library/Application Support/Code/User/globalStorage/bmd.stm32-for-vscode/@xpack-dev-tools/arm-none-eabi-gcc/13.3.1-1.1.1/.content/bin/../lib/gcc/arm-none-eabi/13.3.1/../../../../arm-none-eabi/lib/thumb/v7e-m+fp/hard/libc_nano.a(libc_a-memset.o)
                              /Users/kroko/Library/Application Support/Code/User/globalStorage/bmd.stm32-for-vscode/@xpack-dev-tools/arm-none-eabi-gcc/13.3.1-1.1.1/.content/bin/../lib/gcc/arm-none-eabi/13.3.1/../../../../arm-none-eabi/lib/thumb/v7e-m+fp/hard/crt0.o (memset)
/Users/kroko/Library/Application Support/Code/User/globalStorage/bmd.stm32-for-vscode/@xpack-dev-tools/arm-none-eabi-gcc/13.3.1-1.1.1/.content/bin/../lib/gcc/arm-none-eabi/13.3.1/../../../../arm-none-eabi/lib/thumb/v7e-m+fp/hard/libc_nano.a(libc_a-errno.o)
                              build/debug/syscalls.o (__errno)
/Users/kroko/Library/Application Support/Code/User/globalStorage/bmd.stm32-for-vscode/@xpack-dev-tools/arm-none-eabi-gcc/13.3.1-1.1.1/.content/bin/../lib/gcc/arm-none-eabi/13.3.1/../../../../arm-none-eabi/lib/thumb/v7e-m+fp/hard/libc_nano.a(libc_a-init.o)
                              /Users/kroko/Library/Application Support/Code/User/globalStorage/bmd.stm32-for-vscode/@xpack-dev-tools/arm-none-eabi-gcc/13.3.1-1.1.1/.content/bin/../lib/gcc/arm-none-eabi/13.3.1/../../../../arm-none-eabi/lib/thumb/v7e-m+fp/hard/crt0.o (__libc_init_array)
/Users/kroko/Library/Application Support/Code/User/globalStorage/bmd.stm32-for-vscode/@xpack-dev-tools/arm-none-eabi-gcc/13.3.1-1.1.1/.content/bin/../lib/gcc/arm-none-eabi/13.3.1/../../../../arm-none-eabi/lib/thumb/v7e-m+fp/hard/libc_nano.a(libc_a-fini.o)
                              /Users/kroko/Library/Application Support/Code/User/globalStorage/bmd.stm32-for-vscode/@xpack-dev-tools/arm-none-eabi-gcc/13.3.1-1.1.1/.content/bin/../lib/gcc/arm-none-eabi/13.3.1/../../../../arm-none-eabi/lib/thumb/v7e-m+fp/hard/crt0.o (__libc_fini_array)
/Users/kroko/Library/Application Support/Code/User/globalStorage/bmd.stm32-for-vscode/@xpack-dev-tools/arm-none-eabi-gcc/13.3.1-1.1.1/.content/bin/../lib/gcc/arm-none-eabi/13.3.1/../../../../arm-none-eabi/lib/thumb/v7e-m+fp/hard/libc_nano.a(libc_a-lock.o)
                              /Users/kroko/Library/Application Support/Code/User/globalStorage/bmd.stm32-for-vscode/@xpack-dev-tools/arm-none-eabi-gcc/13.3.1-1.1.1/.content/bin/../lib/gcc/arm-none-eabi/13.3.1/../../../../arm-none-eabi/lib/thumb/v7e-m+fp/hard/libc_nano.a(libc_a-findfp.o) (__retarget_lock_init_recursive)
[...]
Memory Configuration

Name             Origin             Length             Attributes
RAM              0x20000000         0x00020000         xrw
CCMRAM           0x10000000         0x00010000         xrw
FLASH            0x08000000         0x00100000         xr
*default*        0x00000000         0xffffffff

Linker script and memory map

LOAD /Users/kroko/Library/Application Support/Code/User/globalStorage/bmd.stm32-for-vscode/@xpack-dev-tools/arm-none-eabi-gcc/13.3.1-1.1.1/.content/bin/../lib/gcc/arm-none-eabi/13.3.1/thumb/v7e-m+fp/hard/crti.o
LOAD /Users/kroko/Library/Application Support/Code/User/globalStorage/bmd.stm32-for-vscode/@xpack-dev-tools/arm-none-eabi-gcc/13.3.1-1.1.1/.content/bin/../lib/gcc/arm-none-eabi/13.3.1/thumb/v7e-m+fp/hard/crtbegin.o
LOAD /Users/kroko/Library/Application Support/Code/User/globalStorage/bmd.stm32-for-vscode/@xpack-dev-tools/arm-none-eabi-gcc/13.3.1-1.1.1/.content/bin/../lib/gcc/arm-none-eabi/13.3.1/../../../../arm-none-eabi/lib/thumb/v7e-m+fp/hard/crt0.o
LOAD build/debug/25flash.o
LOAD build/debug/BMP388.o
LOAD build/debug/GNSS.o
LOAD build/debug/SX1262.o
LOAD build/debug/ee24.o
LOAD build/debug/lsm6dso.o
LOAD build/debug/lsm6dso_reg.o
LOAD build/debug/main.o
LOAD build/debug/neopixel.o
LOAD build/debug/servo.o
LOAD build/debug/stm32f4xx_hal_crc.o
LOAD build/debug/stm32f4xx_hal_msp.o
LOAD build/debug/stm32f4xx_it.o
LOAD build/debug/syscalls.o
LOAD build/debug/sysmem.o
LOAD build/debug/system_stm32f4xx.o
LOAD build/debug/usb_device.o
LOAD build/debug/usbd_conf.o
LOAD build/debug/usbd_desc.o
LOAD build/debug/usbd_storage_if.o
LOAD build/debug/startup_stm32f405xx.o
LOAD /Users/kroko/Library/Application Support/Code/User/globalStorage/bmd.stm32-for-vscode/@xpack-dev-tools/arm-none-eabi-gcc/13.3.1-1.1.1/.content/bin/../lib/gcc/arm-none-eabi/13.3.1/../../../../arm-none-eabi/lib/thumb/v7e-m+fp/hard/libc_nano.a
LOAD /Users/kroko/Library/Application Support/Code/User/globalStorage/bmd.stm32-for-vscode/@xpack-dev-tools/arm-none-eabi-gcc/13.3.1-1.1.1/.content/bin/../lib/gcc/arm-none-eabi/13.3.1/../../../../arm-none-eabi/lib/thumb/v7e-m+fp/hard/libm.a
LOAD /Users/kroko/Library/Application Support/Code/User/globalStorage/bmd.stm32-for-vscode/@xpack-dev-tools/arm-none-eabi-gcc/13.3.1-1.1.1/.content/bin/../lib/gcc/arm-none-eabi/13.3.1/../../../../arm-none-eabi/lib/thumb/v7e-m+fp/hard/libnosys.a
START GROUP
LOAD /Users/kroko/Library/Application Support/Code/User/globalStorage/bmd.stm32-for-vscode/@xpack-dev-tools/arm-none-eabi-gcc/13.3.1-1.1.1/.content/bin/../lib/gcc/arm-none-eabi/13.3.1/thumb/v7e-m+fp/hard/libgcc.a
LOAD /Users/kroko/Library/Application Support/Code/User/globalStorage/bmd.stm32-for-vscode/@xpack-dev-tools/arm-none-eabi-gcc/13.3.1-1.1.1/.content/bin/../lib/gcc/arm-none-eabi/13.3.1/../../../../arm-none-eabi/lib/thumb/v7e-m+fp/hard/libc_nano.a
END GROUP
START GROUP
LOAD /Users/kroko/Library/Application Support/Code/User/globalStorage/bmd.stm32-for-vscode/@xpack-dev-tools/arm-none-eabi-gcc/13.3.1-1.1.1/.content/bin/../lib/gcc/arm-none-eabi/13.3.1/thumb/v7e-m+fp/hard/libgcc.a
LOAD /Users/kroko/Library/Application Support/Code/User/globalStorage/bmd.stm32-for-vscode/@xpack-dev-tools/arm-none-eabi-gcc/13.3.1-1.1.1/.content/bin/../lib/gcc/arm-none-eabi/13.3.1/../../../../arm-none-eabi/lib/thumb/v7e-m+fp/hard/libc_nano.a
END GROUP
LOAD /Users/kroko/Library/Application Support/Code/User/globalStorage/bmd.stm32-for-vscode/@xpack-dev-tools/arm-none-eabi-gcc/13.3.1-1.1.1/.content/bin/../lib/gcc/arm-none-eabi/13.3.1/thumb/v7e-m+fp/hard/crtend.o
LOAD /Users/kroko/Library/Application Support/Code/User/globalStorage/bmd.stm32-for-vscode/@xpack-dev-tools/arm-none-eabi-gcc/13.3.1-1.1.1/.content/bin/../lib/gcc/arm-none-eabi/13.3.1/thumb/v7e-m+fp/hard/crtn.o
                0x20020000                        _estack = (ORIGIN (RAM) + LENGTH (RAM))
                0x00000200                        _Min_Heap_Size = 0x200
                0x00000400                        _Min_Stack_Size = 0x400

.isr_vector     0x08000000      0x188
                0x08000000                        . = ALIGN (0x4)
 *(.isr_vector)
 .isr_vector    0x08000000      0x188 build/debug/startup_stm32f405xx.o
                0x08000000                g_pfnVectors
                0x08000188                        . = ALIGN (0x4)

.text           0x08000188      0xb24
                0x08000188                        . = ALIGN (0x4)
 *(.text)
 *(.text*)
 .text.__do_global_dtors_aux
                0x08000188       0x24 /Users/kroko/Library/Application Support/Code/User/globalStorage/bmd.stm32-for-vscode/@xpack-dev-tools/arm-none-eabi-gcc/13.3.1-1.1.1/.content/bin/../lib/gcc/arm-none-eabi/13.3.1/thumb/v7e-m+fp/hard/crtbegin.o
 .text.frame_dummy
                0x080001ac       0x1c /Users/kroko/Library/Application Support/Code/User/globalStorage/bmd.stm32-for-vscode/@xpack-dev-tools/arm-none-eabi-gcc/13.3.1-1.1.1/.content/bin/../lib/gcc/arm-none-eabi/13.3.1/thumb/v7e-m+fp/hard/crtbegin.o
 .text.MX_GPIO_Init
                0x080001c8      0x14c build/debug/main.o
 .text.MX_DMA_Init
                0x08000314       0x34 build/debug/main.o
 .text.Error_Handler
                0x08000348        0x4 build/debug/main.o
                0x08000348                Error_Handler
 .text.MX_ADC1_Init
                0x0800034c       0x68 build/debug/main.o
 .text.MX_I2C1_Init
                0x080003b4       0x38 build/debug/main.o
 .text.MX_I2C2_Init
                0x080003ec       0x38 build/debug/main.o
 .text.MX_I2C3_Init
                0x08000424       0x38 build/debug/main.o
 .text.MX_RTC_Init
                0x0800045c       0x30 build/debug/main.o
 .text.MX_SPI1_Init
                0x0800048c       0x40 build/debug/main.o
 .text.MX_SPI2_Init
                0x080004cc       0x40 build/debug/main.o
 .text.MX_SPI3_Init
                0x0800050c       0x40 build/debug/main.o
 .text.MX_TIM3_Init
                0x0800054c       0xa0 build/debug/main.o
 .text.MX_TIM4_Init
                0x080005ec       0xb4 build/debug/main.o
 .text.MX_TIM5_Init
                0x080006a0       0xec build/debug/main.o
 .text.MX_USART1_UART_Init
                0x0800078c       0x34 build/debug/main.o
 .text.MX_CRC_Init
                0x080007c0       0x1c build/debug/main.o
 .text.SystemClock_Config
                0x080007dc       0xac build/debug/main.o
                0x080007dc                SystemClock_Config
 .text.main     0x08000888       0x4c build/debug/main.o
                0x08000888                main
 .text.HAL_CRC_Init
                0x080008d4       0x1e build/debug/stm32f4xx_hal_crc.o
                0x080008d4                HAL_CRC_Init
 *fill*         0x080008f2        0x2 
 .text.HAL_CRC_MspInit
                0x080008f4       0x30 build/debug/stm32f4xx_hal_msp.o
                0x080008f4                HAL_CRC_MspInit
 .text.HAL_TIM_MspPostInit
                0x08000924       0xc8 build/debug/stm32f4xx_hal_msp.o
                0x08000924                HAL_TIM_MspPostInit
 .text.NMI_Handler
                0x080009ec        0x2 build/debug/stm32f4xx_it.o
                0x080009ec                NMI_Handler
 .text.HardFault_Handler
                0x080009ee        0x2 build/debug/stm32f4xx_it.o
                0x080009ee                HardFault_Handler
 .text.MemManage_Handler
                0x080009f0        0x2 build/debug/stm32f4xx_it.o
                0x080009f0                MemManage_Handler
 .text.BusFault_Handler
                0x080009f2        0x2 build/debug/stm32f4xx_it.o
                0x080009f2                BusFault_Handler
 .text.UsageFault_Handler
                0x080009f4        0x2 build/debug/stm32f4xx_it.o
                0x080009f4                UsageFault_Handler
 .text.SVC_Handler
                0x080009f6        0x2 build/debug/stm32f4xx_it.o
                0x080009f6                SVC_Handler
 .text.DebugMon_Handler
                0x080009f8        0x2 build/debug/stm32f4xx_it.o
                0x080009f8                DebugMon_Handler
 .text.PendSV_Handler
                0x080009fa        0x2 build/debug/stm32f4xx_it.o
                0x080009fa                PendSV_Handler
 .text.SysTick_Handler
                0x080009fc        0x8 build/debug/stm32f4xx_it.o
                0x080009fc                SysTick_Handler
 .text.DMA1_Stream4_IRQHandler
                0x08000a04       0x10 build/debug/stm32f4xx_it.o
                0x08000a04                DMA1_Stream4_IRQHandler
 .text.OTG_FS_IRQHandler
                0x08000a14       0x10 build/debug/stm32f4xx_it.o
                0x08000a14                OTG_FS_IRQHandler
 .text.SystemInit
                0x08000a24       0x14 build/debug/system_stm32f4xx.o
                0x08000a24                SystemInit
 .text.MX_USB_DEVICE_Init
                0x08000a38       0x54 build/debug/usb_device.o
                0x08000a38                MX_USB_DEVICE_Init
 .text.USBD_FS_DeviceDescriptor
                0x08000a8c        0xc build/debug/usbd_desc.o
                0x08000a8c                USBD_FS_DeviceDescriptor
 .text.USBD_FS_LangIDStrDescriptor
                0x08000a98        0xc build/debug/usbd_desc.o
                0x08000a98                USBD_FS_LangIDStrDescriptor
 .text.IntToUnicode
                0x08000aa4       0x46 build/debug/usbd_desc.o
 *fill*         0x08000aea        0x2 
 .text.Get_SerialNum
                0x08000aec       0x38 build/debug/usbd_desc.o
 .text.USBD_FS_SerialStrDescriptor
                0x08000b24       0x14 build/debug/usbd_desc.o
                0x08000b24                USBD_FS_SerialStrDescriptor
 .text.USBD_FS_ProductStrDescriptor
                0x08000b38       0x24 build/debug/usbd_desc.o
                0x08000b38                USBD_FS_ProductStrDescriptor
 .text.USBD_FS_ManufacturerStrDescriptor
                0x08000b5c       0x1c build/debug/usbd_desc.o
                0x08000b5c                USBD_FS_ManufacturerStrDescriptor
 .text.USBD_FS_ConfigStrDescriptor
                0x08000b78       0x24 build/debug/usbd_desc.o
                0x08000b78                USBD_FS_ConfigStrDescriptor
 .text.USBD_FS_InterfaceStrDescriptor
                0x08000b9c       0x24 build/debug/usbd_desc.o
                0x08000b9c                USBD_FS_InterfaceStrDescriptor
 .text.STORAGE_Init_FS
                0x08000bc0        0x4 build/debug/usbd_storage_if.o
 .text.STORAGE_GetCapacity_FS
                0x08000bc4       0x10 build/debug/usbd_storage_if.o
 .text.STORAGE_IsReady_FS
                0x08000bd4        0x4 build/debug/usbd_storage_if.o
 .text.STORAGE_IsWriteProtected_FS
                0x08000bd8        0x4 build/debug/usbd_storage_if.o
 .text.STORAGE_Read_FS
                0x08000bdc        0x4 build/debug/usbd_storage_if.o
 .text.STORAGE_Write_FS
                0x08000be0        0x4 build/debug/usbd_storage_if.o
 .text.STORAGE_GetMaxLun_FS
                0x08000be4        0x4 build/debug/usbd_storage_if.o
 .text.Reset_Handler
                0x08000be8       0x50 build/debug/startup_stm32f405xx.o
                0x08000be8                Reset_Handler
 .text.Default_Handler
                0x08000c38        0x2 build/debug/startup_stm32f405xx.o
                0x08000c38                DMA1_Stream3_IRQHandler
                0x08000c38                HASH_RNG_IRQHandler
                0x08000c38                EXTI2_IRQHandler
                0x08000c38                TIM8_CC_IRQHandler
                0x08000c38                TIM1_CC_IRQHandler
                0x08000c38                DMA2_Stream5_IRQHandler
                0x08000c38                DMA1_Stream5_IRQHandler
                0x08000c38                PVD_IRQHandler
                0x08000c38                SDIO_IRQHandler
                0x08000c38                TAMP_STAMP_IRQHandler
                0x08000c38                CAN2_RX1_IRQHandler
                0x08000c38                EXTI3_IRQHandler
                0x08000c38                TIM8_TRG_COM_TIM14_IRQHandler
                0x08000c38                TIM1_UP_TIM10_IRQHandler
                0x08000c38                TIM8_UP_TIM13_IRQHandler
                0x08000c38                I2C3_ER_IRQHandler
                0x08000c38                EXTI0_IRQHandler
                0x08000c38                I2C2_EV_IRQHandler
                0x08000c38                DMA1_Stream2_IRQHandler
                0x08000c38                CAN1_RX0_IRQHandler
                0x08000c38                FPU_IRQHandler
                0x08000c38                OTG_HS_WKUP_IRQHandler
                0x08000c38                CAN2_SCE_IRQHandler
                0x08000c38                DMA2_Stream2_IRQHandler
                0x08000c38                SPI1_IRQHandler
                0x08000c38                TIM6_DAC_IRQHandler
                0x08000c38                TIM1_BRK_TIM9_IRQHandler
                0x08000c38                CAN2_RX0_IRQHandler
                0x08000c38                DMA2_Stream3_IRQHandler
                0x08000c38                USART6_IRQHandler
                0x08000c38                USART3_IRQHandler
                0x08000c38                CAN1_RX1_IRQHandler
                0x08000c38                UART5_IRQHandler
                0x08000c38                DMA2_Stream0_IRQHandler
                0x08000c38                TIM4_IRQHandler
                0x08000c38                I2C1_EV_IRQHandler
                0x08000c38                DMA1_Stream6_IRQHandler
                0x08000c38                DMA1_Stream1_IRQHandler
                0x08000c38                UART4_IRQHandler
                0x08000c38                TIM3_IRQHandler
                0x08000c38                RCC_IRQHandler
                0x08000c38                TIM8_BRK_TIM12_IRQHandler
                0x08000c38                Default_Handler
                0x08000c38                EXTI15_10_IRQHandler
                0x08000c38                ADC_IRQHandler
                0x08000c38                DMA1_Stream7_IRQHandler
                0x08000c38                TIM7_IRQHandler
                0x08000c38                CAN2_TX_IRQHandler
                0x08000c38                TIM5_IRQHandler
                0x08000c38                DMA2_Stream7_IRQHandler
                0x08000c38                I2C3_EV_IRQHandler
                0x08000c38                EXTI9_5_IRQHandler
                0x08000c38                RTC_WKUP_IRQHandler
                0x08000c38                SPI2_IRQHandler
                0x08000c38                OTG_HS_EP1_IN_IRQHandler
                0x08000c38                DMA1_Stream0_IRQHandler
                0x08000c38                CAN1_TX_IRQHandler
                0x08000c38                EXTI4_IRQHandler
                0x08000c38                FSMC_IRQHandler
                0x08000c38                OTG_HS_EP1_OUT_IRQHandler
                0x08000c38                WWDG_IRQHandler
                0x08000c38                TIM2_IRQHandler
                0x08000c38                OTG_FS_WKUP_IRQHandler
                0x08000c38                TIM1_TRG_COM_TIM11_IRQHandler
                0x08000c38                OTG_HS_IRQHandler
                0x08000c38                EXTI1_IRQHandler
                0x08000c38                USART2_IRQHandler
                0x08000c38                I2C2_ER_IRQHandler
                0x08000c38                DMA2_Stream1_IRQHandler
                0x08000c38                CAN1_SCE_IRQHandler
                0x08000c38                FLASH_IRQHandler
                0x08000c38                DMA2_Stream4_IRQHandler
                0x08000c38                USART1_IRQHandler
                0x08000c38                SPI3_IRQHandler
                0x08000c38                I2C1_ER_IRQHandler
                0x08000c38                DMA2_Stream6_IRQHandler
                0x08000c38                RTC_Alarm_IRQHandler
 .text.memset   0x08000c3a       0x10 /Users/kroko/Library/Application Support/Code/User/globalStorage/bmd.stm32-for-vscode/@xpack-dev-tools/arm-none-eabi-gcc/13.3.1-1.1.1/.content/bin/../lib/gcc/arm-none-eabi/13.3.1/../../../../arm-none-eabi/lib/thumb/v7e-m+fp/hard/libc_nano.a(libc_a-memset.o)
                0x08000c3a                memset
 *fill*         0x08000c4a        0x2 
 .text.__libc_init_array
                0x08000c4c       0x48 /Users/kroko/Library/Application Support/Code/User/globalStorage/bmd.stm32-for-vscode/@xpack-dev-tools/arm-none-eabi-gcc/13.3.1-1.1.1/.content/bin/../lib/gcc/arm-none-eabi/13.3.1/../../../../arm-none-eabi/lib/thumb/v7e-m+fp/hard/libc_nano.a(libc_a-init.o)
                0x08000c4c                __libc_init_array
 *(.glue_7)
 .glue_7        0x08000c94        0x0 linker stubs
 *(.glue_7t)
 .glue_7t       0x08000c94        0x0 linker stubs
 *(.eh_frame)
 .eh_frame      0x08000c94        0x0 /Users/kroko/Library/Application Support/Code/User/globalStorage/bmd.stm32-for-vscode/@xpack-dev-tools/arm-none-eabi-gcc/13.3.1-1.1.1/.content/bin/../lib/gcc/arm-none-eabi/13.3.1/thumb/v7e-m+fp/hard/crtbegin.o
 *(.init)
 .init          0x08000c94        0x4 /Users/kroko/Library/Application Support/Code/User/globalStorage/bmd.stm32-for-vscode/@xpack-dev-tools/arm-none-eabi-gcc/13.3.1-1.1.1/.content/bin/../lib/gcc/arm-none-eabi/13.3.1/thumb/v7e-m+fp/hard/crti.o
                0x08000c94                _init
 .init          0x08000c98        0x8 /Users/kroko/Library/Application Support/Code/User/globalStorage/bmd.stm32-for-vscode/@xpack-dev-tools/arm-none-eabi-gcc/13.3.1-1.1.1/.content/bin/../lib/gcc/arm-none-eabi/13.3.1/thumb/v7e-m+fp/hard/crtn.o
 *(.fini)
 .fini          0x08000ca0        0x4 /Users/kroko/Library/Application Support/Code/User/globalStorage/bmd.stm32-for-vscode/@xpack-dev-tools/arm-none-eabi-gcc/13.3.1-1.1.1/.content/bin/../lib/gcc/arm-none-eabi/13.3.1/thumb/v7e-m+fp/hard/crti.o
                0x08000ca0                _fini
 .fini          0x08000ca4        0x8 /Users/kroko/Library/Application Support/Code/User/globalStorage/bmd.stm32-for-vscode/@xpack-dev-tools/arm-none-eabi-gcc/13.3.1-1.1.1/.content/bin/../lib/gcc/arm-none-eabi/13.3.1/thumb/v7e-m+fp/hard/crtn.o
                0x08000cac                        . = ALIGN (0x4)
                0x08000cac                        _etext = .

.vfp11_veneer   0x08000cac        0x0
 .vfp11_veneer  0x08000cac        0x0 linker stubs

.v4_bx          0x08000cac        0x0
 .v4_bx         0x08000cac        0x0 linker stubs

.iplt           0x08000cac        0x0
 .iplt          0x08000cac        0x0 /Users/kroko/Library/Application Support/Code/User/globalStorage/bmd.stm32-for-vscode/@xpack-dev-tools/arm-none-eabi-gcc/13.3.1-1.1.1/.content/bin/../lib/gcc/arm-none-eabi/13.3.1/thumb/v7e-m+fp/hard/crtbegin.o

.rodata         0x08000cac       0x68
                0x08000cac                        . = ALIGN (0x4)
 *(.rodata)
 *(.rodata*)
 .rodata.USBD_FS_ProductStrDescriptor.str1.4
                0x08000cac       0x42 build/debug/usbd_desc.o
                                 0x13 (size before relaxing)
 .rodata.USBD_FS_ManufacturerStrDescriptor.str1.4
                0x08000cee       0x13 build/debug/usbd_desc.o
 .rodata.USBD_FS_ConfigStrDescriptor.str1.4
                0x08000cee        0xb build/debug/usbd_desc.o
 .rodata.USBD_FS_InterfaceStrDescriptor.str1.4
                0x08000cee        0xe build/debug/usbd_desc.o
 *fill*         0x08000cee        0x2 
 .rodata.STORAGE_Inquirydata_FS
                0x08000cf0       0x24 build/debug/usbd_storage_if.o
                0x08000cf0                STORAGE_Inquirydata_FS
                0x08000d14                        . = ALIGN (0x4)

.ARM.extab      0x08000d14        0x0
                0x08000d14                        . = ALIGN (0x4)
 *(.ARM.extab* .gnu.linkonce.armextab.*)
                0x08000d14                        . = ALIGN (0x4)

.ARM            0x08000d14        0x0
                0x08000d14                        . = ALIGN (0x4)
                0x08000d14                        __exidx_start = .
 *(.ARM.exidx*)
                0x08000d14                        __exidx_end = .
                0x08000d14                        . = ALIGN (0x4)

.preinit_array  0x08000d14        0x0
                0x08000d14                        . = ALIGN (0x4)
                0x08000d14                        PROVIDE (__preinit_array_start = .)
 *(.preinit_array*)
                0x08000d14                        PROVIDE (__preinit_array_end = .)
                0x08000d14                        . = ALIGN (0x4)

.init_array     0x08000d14        0x4
                0x08000d14                        . = ALIGN (0x4)
                0x08000d14                        PROVIDE (__init_array_start = .)
 *(SORT_BY_NAME(.init_array.*))
 *(.init_array*)
 .init_array    0x08000d14        0x4 /Users/kroko/Library/Application Support/Code/User/globalStorage/bmd.stm32-for-vscode/@xpack-dev-tools/arm-none-eabi-gcc/13.3.1-1.1.1/.content/bin/../lib/gcc/arm-none-eabi/13.3.1/thumb/v7e-m+fp/hard/crtbegin.o
                0x08000d18                        PROVIDE (__init_array_end = .)
                0x08000d18                        . = ALIGN (0x4)

.fini_array     0x08000d18        0x4
                0x08000d18                        . = ALIGN (0x4)
                0x08000d18                        PROVIDE (__fini_array_start = .)
 *(SORT_BY_NAME(.fini_array.*))
 *(.fini_array*)
 .fini_array    0x08000d18        0x4 /Users/kroko/Library/Application Support/Code/User/globalStorage/bmd.stm32-for-vscode/@xpack-dev-tools/arm-none-eabi-gcc/13.3.1-1.1.1/.content/bin/../lib/gcc/arm-none-eabi/13.3.1/thumb/v7e-m+fp/hard/crtbegin.o
                0x08000d1c                        PROVIDE (__fini_array_end = .)
                0x08000d1c                        . = ALIGN (0x4)
                0x08000d1c                        _sidata = LOADADDR (.data)

.rel.dyn        0x08000d1c        0x0
 .rel.iplt      0x08000d1c        0x0 /Users/kroko/Library/Application Support/Code/User/globalStorage/bmd.stm32-for-vscode/@xpack-dev-tools/arm-none-eabi-gcc/13.3.1-1.1.1/.content/bin/../lib/gcc/arm-none-eabi/13.3.1/thumb/v7e-m+fp/hard/crtbegin.o

.data           0x20000000       0x70 load address 0x08000d1c
                0x20000000                        . = ALIGN (0x4)
                0x20000000                        _sdata = .
 *(.data)
 *(.data*)
 .data.USBD_StringSerial
                0x20000000       0x1a build/debug/usbd_desc.o
                0x20000000                USBD_StringSerial
 *fill*         0x2000001a        0x2 
 .data.USBD_LangIDDesc
                0x2000001c        0x4 build/debug/usbd_desc.o
                0x2000001c                USBD_LangIDDesc
 .data.USBD_FS_DeviceDesc
                0x20000020       0x12 build/debug/usbd_desc.o
                0x20000020                USBD_FS_DeviceDesc
 *fill*         0x20000032        0x2 
 .data.FS_Desc  0x20000034       0x1c build/debug/usbd_desc.o
                0x20000034                FS_Desc
 .data.USBD_Storage_Interface_fops_FS
                0x20000050       0x20 build/debug/usbd_storage_if.o
                0x20000050                USBD_Storage_Interface_fops_FS
 *(.RamFunc)
 *(.RamFunc*)
                0x20000070                        . = ALIGN (0x4)
                0x20000070                        _edata = .
                0x08000d8c                        _siccmram = LOADADDR (.ccmram)

.igot.plt       0x20000070        0x0 load address 0x08000d8c
 .igot.plt      0x20000070        0x0 /Users/kroko/Library/Application Support/Code/User/globalStorage/bmd.stm32-for-vscode/@xpack-dev-tools/arm-none-eabi-gcc/13.3.1-1.1.1/.content/bin/../lib/gcc/arm-none-eabi/13.3.1/thumb/v7e-m+fp/hard/crtbegin.o

.ccmram         0x10000000        0x0 load address 0x08000d8c
                0x10000000                        . = ALIGN (0x4)
                0x10000000                        _sccmram = .
 *(.ccmram)
 *(.ccmram*)
                0x10000000                        . = ALIGN (0x4)
                0x10000000                        _eccmram = .
                0x10000000                        . = ALIGN (0x4)

.bss            0x20000070      0xdd0
                0x20000070                        _sbss = .
                0x20000070                        __bss_start__ = _sbss
 *(.bss)
 *(.bss*)
 .bss.completed.1
                0x20000070        0x1 /Users/kroko/Library/Application Support/Code/User/globalStorage/bmd.stm32-for-vscode/@xpack-dev-tools/arm-none-eabi-gcc/13.3.1-1.1.1/.content/bin/../lib/gcc/arm-none-eabi/13.3.1/thumb/v7e-m+fp/hard/crtbegin.o
 *fill*         0x20000071        0x3 
 .bss.object.0  0x20000074       0x18 /Users/kroko/Library/Application Support/Code/User/globalStorage/bmd.stm32-for-vscode/@xpack-dev-tools/arm-none-eabi-gcc/13.3.1-1.1.1/.content/bin/../lib/gcc/arm-none-eabi/13.3.1/thumb/v7e-m+fp/hard/crtbegin.o
 .bss.huart1    0x2000008c       0x48 build/debug/main.o
                0x2000008c                huart1
 .bss.hdma_tim3_ch1_trig
                0x200000d4       0x60 build/debug/main.o
                0x200000d4                hdma_tim3_ch1_trig
 .bss.htim5     0x20000134       0x48 build/debug/main.o
                0x20000134                htim5
 .bss.htim4     0x2000017c       0x48 build/debug/main.o
                0x2000017c                htim4
 .bss.htim3     0x200001c4       0x48 build/debug/main.o
                0x200001c4                htim3
 .bss.hspi3     0x2000020c       0x58 build/debug/main.o
                0x2000020c                hspi3
 .bss.hspi2     0x20000264       0x58 build/debug/main.o
                0x20000264                hspi2
 .bss.hspi1     0x200002bc       0x58 build/debug/main.o
                0x200002bc                hspi1
 .bss.hrtc      0x20000314       0x20 build/debug/main.o
                0x20000314                hrtc
 .bss.hi2c3     0x20000334       0x54 build/debug/main.o
                0x20000334                hi2c3
 .bss.hi2c2     0x20000388       0x54 build/debug/main.o
                0x20000388                hi2c2
 .bss.hi2c1     0x200003dc       0x54 build/debug/main.o
                0x200003dc                hi2c1
 .bss.hcrc      0x20000430        0x8 build/debug/main.o
                0x20000430                hcrc
 .bss.hadc1     0x20000438       0x48 build/debug/main.o
                0x20000438                hadc1
 .bss.hUsbDeviceFS
                0x20000480      0x2dc build/debug/usb_device.o
                0x20000480                hUsbDeviceFS
 .bss.hpcd_USB_OTG_FS
                0x2000075c      0x4e4 build/debug/usbd_conf.o
                0x2000075c                hpcd_USB_OTG_FS
 .bss.USBD_StrDesc
                0x20000c40      0x200 build/debug/usbd_desc.o
                0x20000c40                USBD_StrDesc
 *(COMMON)
                0x20000e40                        . = ALIGN (0x4)
                0x20000e40                        _ebss = .
                0x20000e40                        __bss_end__ = _ebss

._user_heap_stack
                0x20000e40      0x600
                0x20000e40                        . = ALIGN (0x8)
                [!provide]                        PROVIDE (end = .)
                0x20000e40                        PROVIDE (_end = .)
                0x20001040                        . = (. + _Min_Heap_Size)
 *fill*         0x20000e40      0x200 
                0x20001440                        . = (. + _Min_Stack_Size)
 *fill*         0x20001040      0x400 
                0x20001440                        . = ALIGN (0x8)

/DISCARD/
 libc.a(*)
 libm.a(*)
 libgcc.a(*)
OUTPUT(build/debug/Flight_comp.elf elf32-littlearm)
LOAD linker stubs
LOAD /Users/kroko/Library/Application Support/Code/User/globalStorage/bmd.stm32-for-vscode/@xpack-dev-tools/arm-none-eabi-gcc/13.3.1-1.1.1/.content/bin/../lib/gcc/arm-none-eabi/13.3.1/../../../../arm-none-eabi/lib/thumb/v7e-m+fp/hard/libc.a
LOAD /Users/kroko/Library/Application Support/Code/User/globalStorage/bmd.stm32-for-vscode/@xpack-dev-tools/arm-none-eabi-gcc/13.3.1-1.1.1/.content/bin/../lib/gcc/arm-none-eabi/13.3.1/../../../../arm-none-eabi/lib/thumb/v7e-m+fp/hard/libm.a
LOAD /Users/kroko/Library/Application Support/Code/User/globalStorage/bmd.stm32-for-vscode/@xpack-dev-tools/arm-none-eabi-gcc/13.3.1-1.1.1/.content/bin/../lib/gcc/arm-none-eabi/13.3.1/thumb/v7e-m+fp/hard/libgcc.a

.ARM.attributes
                0x00000000       0x30
 .ARM.attributes
                0x00000000       0x22 /Users/kroko/Library/Application Support/Code/User/globalStorage/bmd.stm32-for-vscode/@xpack-dev-tools/arm-none-eabi-gcc/13.3.1-1.1.1/.content/bin/../lib/gcc/arm-none-eabi/13.3.1/thumb/v7e-m+fp/hard/crti.o
 .ARM.attributes
                0x00000022       0x34 /Users/kroko/Library/Application Support/Code/User/globalStorage/bmd.stm32-for-vscode/@xpack-dev-tools/arm-none-eabi-gcc/13.3.1-1.1.1/.content/bin/../lib/gcc/arm-none-eabi/13.3.1/thumb/v7e-m+fp/hard/crtbegin.o
 .ARM.attributes
                0x00000056       0x34 build/debug/main.o
 .ARM.attributes
                0x0000008a       0x34 build/debug/stm32f4xx_hal_crc.o
 .ARM.attributes
                0x000000be       0x34 build/debug/stm32f4xx_hal_msp.o
 .ARM.attributes
                0x000000f2       0x34 build/debug/stm32f4xx_it.o
 .ARM.attributes
                0x00000126       0x34 build/debug/system_stm32f4xx.o
 .ARM.attributes
                0x0000015a       0x34 build/debug/usb_device.o
 .ARM.attributes
                0x0000018e       0x34 build/debug/usbd_conf.o
 .ARM.attributes
                0x000001c2       0x34 build/debug/usbd_desc.o
 .ARM.attributes
                0x000001f6       0x34 build/debug/usbd_storage_if.o
 .ARM.attributes
                0x0000022a       0x21 build/debug/startup_stm32f405xx.o
 .ARM.attributes
                0x0000024b       0x34 /Users/kroko/Library/Application Support/Code/User/globalStorage/bmd.stm32-for-vscode/@xpack-dev-tools/arm-none-eabi-gcc/13.3.1-1.1.1/.content/bin/../lib/gcc/arm-none-eabi/13.3.1/../../../../arm-none-eabi/lib/thumb/v7e-m+fp/hard/libc_nano.a(libc_a-memset.o)
 .ARM.attributes
                0x0000027f       0x34 /Users/kroko/Library/Application Support/Code/User/globalStorage/bmd.stm32-for-vscode/@xpack-dev-tools/arm-none-eabi-gcc/13.3.1-1.1.1/.content/bin/../lib/gcc/arm-none-eabi/13.3.1/../../../../arm-none-eabi/lib/thumb/v7e-m+fp/hard/libc_nano.a(libc_a-init.o)
 .ARM.attributes
                0x000002b3       0x22 /Users/kroko/Library/Application Support/Code/User/globalStorage/bmd.stm32-for-vscode/@xpack-dev-tools/arm-none-eabi-gcc/13.3.1-1.1.1/.content/bin/../lib/gcc/arm-none-eabi/13.3.1/thumb/v7e-m+fp/hard/crtn.o

.comment        0x00000000       0x39
 .comment       0x00000000       0x39 /Users/kroko/Library/Application Support/Code/User/globalStorage/bmd.stm32-for-vscode/@xpack-dev-tools/arm-none-eabi-gcc/13.3.1-1.1.1/.content/bin/../lib/gcc/arm-none-eabi/13.3.1/thumb/v7e-m+fp/hard/crtbegin.o
                                 0x3a (size before relaxing)
 .comment       0x00000039       0x3a build/debug/main.o
 .comment       0x00000039       0x3a build/debug/stm32f4xx_hal_crc.o
 .comment       0x00000039       0x3a build/debug/stm32f4xx_hal_msp.o
 .comment       0x00000039       0x3a build/debug/stm32f4xx_it.o
 .comment       0x00000039       0x3a build/debug/system_stm32f4xx.o
 .comment       0x00000039       0x3a build/debug/usb_device.o
 .comment       0x00000039       0x3a build/debug/usbd_conf.o
 .comment       0x00000039       0x3a build/debug/usbd_desc.o
 .comment       0x00000039       0x3a build/debug/usbd_storage_if.o
 .comment       0x00000039       0x3a /Users/kroko/Library/Application Support/Code/User/globalStorage/bmd.stm32-for-vscode/@xpack-dev-tools/arm-none-eabi-gcc/13.3.1-1.1.1/.content/bin/../lib/gcc/arm-none-eabi/13.3.1/../../../../arm-none-eabi/lib/thumb/v7e-m+fp/hard/libc_nano.a(libc_a-memset.o)
 .comment       0x00000039       0x3a /Users/kroko/Library/Application Support/Code/User/globalStorage/bmd.stm32-for-vscode/@xpack-dev-tools/arm-none-eabi-gcc/13.3.1-1.1.1/.content/bin/../lib/gcc/arm-none-eabi/13.3.1/../../../../arm-none-eabi/lib/thumb/v7e-m+fp/hard/libc_nano.a(libc_a-init.o)

.debug_info     0x00000000     0x949e
 .debug_info    0x00000000     0x2f63 build/debug/main.o
 .debug_info    0x00002f63      0x3bc build/debug/stm32f4xx_hal_crc.o
 .debug_info    0x0000331f     0x20a9 build/debug/stm32f4xx_hal_msp.o
 .debug_info    0x000053c8      0x8b7 build/debug/stm32f4xx_it.o
 .debug_info    0x00005c7f      0x527 build/debug/system_stm32f4xx.o
 .debug_info    0x000061a6      0x7cd build/debug/usb_device.o
 .debug_info    0x00006973     0x215d build/debug/usbd_conf.o
 .debug_info    0x00008ad0      0x5dd build/debug/usbd_desc.o
 .debug_info    0x000090ad      0x3c1 build/debug/usbd_storage_if.o
 .debug_info    0x0000946e       0x30 build/debug/startup_stm32f405xx.o

.debug_abbrev   0x00000000     0x1394
 .debug_abbrev  0x00000000      0x376 build/debug/main.o
 .debug_abbrev  0x00000376      0x1d7 build/debug/stm32f4xx_hal_crc.o
 .debug_abbrev  0x0000054d      0x28b build/debug/stm32f4xx_hal_msp.o
 .debug_abbrev  0x000007d8      0x1db build/debug/stm32f4xx_it.o
 .debug_abbrev  0x000009b3      0x11e build/debug/system_stm32f4xx.o
 .debug_abbrev  0x00000ad1      0x1af build/debug/usb_device.o
 .debug_abbrev  0x00000c80      0x33e build/debug/usbd_conf.o
 .debug_abbrev  0x00000fbe      0x1ec build/debug/usbd_desc.o
 .debug_abbrev  0x000011aa      0x1c6 build/debug/usbd_storage_if.o
 .debug_abbrev  0x00001370       0x24 build/debug/startup_stm32f405xx.o

.debug_loclists
                0x00000000     0x1182
 .debug_loclists
                0x00000000       0x40 build/debug/main.o
 .debug_loclists
                0x00000040      0x153 build/debug/stm32f4xx_hal_crc.o
 .debug_loclists
                0x00000193      0x35d build/debug/stm32f4xx_hal_msp.o
 .debug_loclists
                0x000004f0       0x79 build/debug/system_stm32f4xx.o
 .debug_loclists
                0x00000569      0x8c6 build/debug/usbd_conf.o
 .debug_loclists
                0x00000e2f      0x299 build/debug/usbd_desc.o
 .debug_loclists
                0x000010c8       0xba build/debug/usbd_storage_if.o

.debug_aranges  0x00000000      0x440
 .debug_aranges
                0x00000000       0xb8 build/debug/main.o
 .debug_aranges
                0x000000b8       0x50 build/debug/stm32f4xx_hal_crc.o
 .debug_aranges
                0x00000108       0x98 build/debug/stm32f4xx_hal_msp.o
 .debug_aranges
                0x000001a0       0x70 build/debug/stm32f4xx_it.o
 .debug_aranges
                0x00000210       0x28 build/debug/system_stm32f4xx.o
 .debug_aranges
                0x00000238       0x20 build/debug/usb_device.o
 .debug_aranges
                0x00000258      0x110 build/debug/usbd_conf.o
 .debug_aranges
                0x00000368       0x60 build/debug/usbd_desc.o
 .debug_aranges
                0x000003c8       0x50 build/debug/usbd_storage_if.o
 .debug_aranges
                0x00000418       0x28 build/debug/startup_stm32f405xx.o

.debug_rnglists
                0x00000000      0x30b
 .debug_rnglists
                0x00000000       0x8a build/debug/main.o
 .debug_rnglists
                0x0000008a       0x37 build/debug/stm32f4xx_hal_crc.o
 .debug_rnglists
                0x000000c1       0x73 build/debug/stm32f4xx_hal_msp.o
 .debug_rnglists
                0x00000134       0x4f build/debug/stm32f4xx_it.o
 .debug_rnglists
                0x00000183       0x1a build/debug/system_stm32f4xx.o
 .debug_rnglists
                0x0000019d       0x13 build/debug/usb_device.o
 .debug_rnglists
                0x000001b0       0xc8 build/debug/usbd_conf.o
 .debug_rnglists
                0x00000278       0x43 build/debug/usbd_desc.o
 .debug_rnglists
                0x000002bb       0x37 build/debug/usbd_storage_if.o
 .debug_rnglists
                0x000002f2       0x19 build/debug/startup_stm32f405xx.o

.debug_line     0x00000000     0x3696
 .debug_line    0x00000000      0xe73 build/debug/main.o
 .debug_line    0x00000e73      0x45b build/debug/stm32f4xx_hal_crc.o
 .debug_line    0x000012ce      0xa0a build/debug/stm32f4xx_hal_msp.o
 .debug_line    0x00001cd8      0x37c build/debug/stm32f4xx_it.o
 .debug_line    0x00002054      0x30a build/debug/system_stm32f4xx.o
 .debug_line    0x0000235e      0x2d9 build/debug/usb_device.o
 .debug_line    0x00002637      0x8d6 build/debug/usbd_conf.o
 .debug_line    0x00002f0d      0x3f0 build/debug/usbd_desc.o
 .debug_line    0x000032fd      0x323 build/debug/usbd_storage_if.o
 .debug_line    0x00003620       0x76 build/debug/startup_stm32f405xx.o

.debug_str      0x00000000     0x3253
 .debug_str     0x00000000     0x3253 build/debug/main.o
                               0x1f0f (size before relaxing)
 .debug_str     0x00003253      0x393 build/debug/stm32f4xx_hal_crc.o
 .debug_str     0x00003253     0x14a5 build/debug/stm32f4xx_hal_msp.o
 .debug_str     0x00003253      0x891 build/debug/stm32f4xx_it.o
 .debug_str     0x00003253      0x365 build/debug/system_stm32f4xx.o
 .debug_str     0x00003253      0x6e9 build/debug/usb_device.o
 .debug_str     0x00003253     0x15ab build/debug/usbd_conf.o
 .debug_str     0x00003253      0x44e build/debug/usbd_desc.o
 .debug_str     0x00003253      0x353 build/debug/usbd_storage_if.o
 .debug_str     0x00003253       0x6e build/debug/startup_stm32f405xx.o

.debug_frame    0x00000000      0xa24
 .debug_frame   0x00000000      0x228 build/debug/main.o
 .debug_frame   0x00000228       0xb8 build/debug/stm32f4xx_hal_crc.o
 .debug_frame   0x000002e0      0x1d0 build/debug/stm32f4xx_hal_msp.o
 .debug_frame   0x000004b0       0xd8 build/debug/stm32f4xx_it.o
 .debug_frame   0x00000588       0x30 build/debug/system_stm32f4xx.o
 .debug_frame   0x000005b8       0x28 build/debug/usb_device.o
 .debug_frame   0x000005e0      0x2e4 build/debug/usbd_conf.o
 .debug_frame   0x000008c4       0xe0 build/debug/usbd_desc.o
 .debug_frame   0x000009a4       0x80 build/debug/usbd_storage_if.o

.debug_line_str
                0x00000000       0x52
 .debug_line_str
                0x00000000       0x52 build/debug/startup_stm32f405xx.o

Cross Reference Table

Symbol                                            File
ADC_IRQHandler                                    build/debug/startup_stm32f405xx.o
AHBPrescTable                                     build/debug/system_stm32f4xx.o
APBPrescTable                                     build/debug/system_stm32f4xx.o
BMP388_CompensatePress                            build/debug/BMP388.o
BMP388_CompensateRawPressTemp                     build/debug/BMP388.o
BMP388_CompensateTemp                             build/debug/BMP388.o
BMP388_FindAltitude                               build/debug/BMP388.o
BMP388_GetCalibData                               build/debug/BMP388.o
BMP388_GetFIFOLength                              build/debug/BMP388.o
BMP388_GetRawDataFIFO                             build/debug/BMP388.o
BMP388_Init                                       build/debug/BMP388.o
BMP388_ReadBytes                                  build/debug/BMP388.o
BMP388_ReadRawPressTempTime                       build/debug/BMP388.o
BMP388_SetIIRFilterCoeff                          build/debug/BMP388.o
BMP388_SetOutputDataRate                          build/debug/BMP388.o
BMP388_SetPressOS                                 build/debug/BMP388.o
BMP388_SetTempOS                                  build/debug/BMP388.o
BMP388_SoftReset                                  build/debug/BMP388.o
BMP388_StartNormalModeFIFO                        build/debug/BMP388.o
BMP388_WriteBytes                                 build/debug/BMP388.o
BusFault_Handler                                  build/debug/stm32f4xx_it.o
CAN1_RX0_IRQHandler                               build/debug/startup_stm32f405xx.o
CAN1_RX1_IRQHandler                               build/debug/startup_stm32f405xx.o
CAN1_SCE_IRQHandler                               build/debug/startup_stm32f405xx.o
CAN1_TX_IRQHandler                                build/debug/startup_stm32f405xx.o
CAN2_RX0_IRQHandler                               build/debug/startup_stm32f405xx.o
CAN2_RX1_IRQHandler                               build/debug/startup_stm32f405xx.o
CAN2_SCE_IRQHandler                               build/debug/startup_stm32f405xx.o
CAN2_TX_IRQHandler                                build/debug/startup_stm32f405xx.o
DMA1_Stream0_IRQHandler                           build/debug/startup_stm32f405xx.o
DMA1_Stream1_IRQHandler                           build/debug/startup_stm32f405xx.o
DMA1_Stream2_IRQHandler                           build/debug/startup_stm32f405xx.o
DMA1_Stream3_IRQHandler                           build/debug/startup_stm32f405xx.o
DMA1_Stream4_IRQHandler                           build/debug/stm32f4xx_it.o
DMA1_Stream5_IRQHandler                           build/debug/startup_stm32f405xx.o
DMA1_Stream6_IRQHandler                           build/debug/startup_stm32f405xx.o
DMA1_Stream7_IRQHandler                           build/debug/startup_stm32f405xx.o
DMA2_Stream0_IRQHandler                           build/debug/startup_stm32f405xx.o
DMA2_Stream1_IRQHandler                           build/debug/startup_stm32f405xx.o
DMA2_Stream2_IRQHandler                           build/debug/startup_stm32f405xx.o
DMA2_Stream3_IRQHandler                           build/debug/startup_stm32f405xx.o
DMA2_Stream4_IRQHandler                           build/debug/startup_stm32f405xx.o
DMA2_Stream5_IRQHandler                           build/debug/startup_stm32f405xx.o
DMA2_Stream6_IRQHandler                           build/debug/startup_stm32f405xx.o
DMA2_Stream7_IRQHandler                           build/debug/startup_stm32f405xx.o
DebugMon_Handler                                  build/debug/stm32f4xx_it.o
Default_Handler                                   build/debug/startup_stm32f405xx.o
EE24_Delay                                        build/debug/ee24.o
EE24_Init                                         build/debug/ee24.o
EE24_Lock                                         build/debug/ee24.o
EE24_Read                                         build/debug/ee24.o
EE24_UnLock                                       build/debug/ee24.o
EE24_Write                                        build/debug/ee24.o
EXTI0_IRQHandler                                  build/debug/startup_stm32f405xx.o
EXTI15_10_IRQHandler                              build/debug/startup_stm32f405xx.o
EXTI1_IRQHandler                                  build/debug/startup_stm32f405xx.o
EXTI2_IRQHandler                                  build/debug/startup_stm32f405xx.o
EXTI3_IRQHandler                                  build/debug/startup_stm32f405xx.o
EXTI4_IRQHandler                                  build/debug/startup_stm32f405xx.o
EXTI9_5_IRQHandler                                build/debug/startup_stm32f405xx.o
Error_Handler                                     build/debug/main.o
                                                  build/debug/usbd_conf.o
                                                  build/debug/usb_device.o
                                                  build/debug/stm32f4xx_hal_msp.o
FLASH_IRQHandler                                  build/debug/startup_stm32f405xx.o
FLASH_Program_Page                                build/debug/25flash.o
FLASH_Read                                        build/debug/25flash.o
FLASH_ReadID                                      build/debug/25flash.o
FLASH_Reset                                       build/debug/25flash.o
FLASH_SPI_Read                                    build/debug/25flash.o
FLASH_SPI_Write                                   build/debug/25flash.o
FLASH_Sector_Erase                                build/debug/25flash.o
FLASH_WE                                          build/debug/25flash.o
FLASH_WFE                                         build/debug/25flash.o
FPU_IRQHandler                                    build/debug/startup_stm32f405xx.o
FSMC_IRQHandler                                   build/debug/startup_stm32f405xx.o
FS_Desc                                           build/debug/usbd_desc.o
                                                  build/debug/usb_device.o
GNSS_Checksum                                     build/debug/GNSS.o
GNSS_GetNavigatorData                             build/debug/GNSS.o
GNSS_GetPOSLLHData                                build/debug/GNSS.o
GNSS_GetPVTData                                   build/debug/GNSS.o
GNSS_GetUniqID                                    build/debug/GNSS.o
GNSS_Handle                                       build/debug/GNSS.o
GNSS_Init                                         build/debug/GNSS.o
GNSS_LoadConfig                                   build/debug/GNSS.o
GNSS_ParseBuffer                                  build/debug/GNSS.o
GNSS_ParseNavigatorData                           build/debug/GNSS.o
GNSS_ParsePOSLLHData                              build/debug/GNSS.o
GNSS_ParsePVTData                                 build/debug/GNSS.o
GNSS_ParseUniqID                                  build/debug/GNSS.o
GNSS_SetMode                                      build/debug/GNSS.o
Get_Vbat                                          build/debug/main.o
HAL_ADC_ConfigChannel                             build/debug/main.o
HAL_ADC_ConvCpltCallback                          build/debug/main.o
HAL_ADC_Init                                      build/debug/main.o
HAL_ADC_MspDeInit                                 build/debug/stm32f4xx_hal_msp.o
HAL_ADC_MspInit                                   build/debug/stm32f4xx_hal_msp.o
HAL_ADC_Start_DMA                                 build/debug/main.o
HAL_CRC_Accumulate                                build/debug/stm32f4xx_hal_crc.o
HAL_CRC_Calculate                                 build/debug/stm32f4xx_hal_crc.o
HAL_CRC_DeInit                                    build/debug/stm32f4xx_hal_crc.o
HAL_CRC_GetState                                  build/debug/stm32f4xx_hal_crc.o
HAL_CRC_Init                                      build/debug/stm32f4xx_hal_crc.o
                                                  build/debug/main.o
HAL_CRC_MspDeInit                                 build/debug/stm32f4xx_hal_msp.o
                                                  build/debug/stm32f4xx_hal_crc.o
HAL_CRC_MspInit                                   build/debug/stm32f4xx_hal_msp.o
                                                  build/debug/stm32f4xx_hal_crc.o
HAL_DMA_DeInit                                    build/debug/stm32f4xx_hal_msp.o
HAL_DMA_IRQHandler                                build/debug/stm32f4xx_it.o
HAL_DMA_Init                                      build/debug/stm32f4xx_hal_msp.o
HAL_Delay                                         build/debug/usbd_conf.o
                                                  build/debug/ee24.o
                                                  build/debug/SX1262.o
                                                  build/debug/GNSS.o
                                                  build/debug/BMP388.o
                                                  build/debug/25flash.o
HAL_GPIO_DeInit                                   build/debug/usbd_conf.o
                                                  build/debug/stm32f4xx_hal_msp.o
HAL_GPIO_Init                                     build/debug/usbd_conf.o
                                                  build/debug/stm32f4xx_hal_msp.o
                                                  build/debug/main.o
HAL_GPIO_ReadPin                                  build/debug/SX1262.o
HAL_GPIO_WritePin                                 build/debug/main.o
                                                  build/debug/SX1262.o
                                                  build/debug/25flash.o
HAL_GetTick                                       build/debug/ee24.o
                                                  build/debug/SX1262.o
                                                  build/debug/25flash.o
HAL_I2C_Init                                      build/debug/main.o
HAL_I2C_IsDeviceReady                             build/debug/ee24.o
HAL_I2C_Mem_Read                                  build/debug/ee24.o
                                                  build/debug/BMP388.o
HAL_I2C_Mem_Write                                 build/debug/ee24.o
                                                  build/debug/BMP388.o
HAL_I2C_MspDeInit                                 build/debug/stm32f4xx_hal_msp.o
HAL_I2C_MspInit                                   build/debug/stm32f4xx_hal_msp.o
HAL_IncTick                                       build/debug/stm32f4xx_it.o
HAL_Init                                          build/debug/main.o
HAL_MspInit                                       build/debug/stm32f4xx_hal_msp.o
HAL_NVIC_DisableIRQ                               build/debug/usbd_conf.o
HAL_NVIC_EnableIRQ                                build/debug/usbd_conf.o
                                                  build/debug/main.o
HAL_NVIC_SetPriority                              build/debug/usbd_conf.o
                                                  build/debug/main.o
HAL_PCDEx_SetRxFiFo                               build/debug/usbd_conf.o
HAL_PCDEx_SetTxFiFo                               build/debug/usbd_conf.o
HAL_PCD_ConnectCallback                           build/debug/usbd_conf.o
HAL_PCD_DataInStageCallback                       build/debug/usbd_conf.o
HAL_PCD_DataOutStageCallback                      build/debug/usbd_conf.o
HAL_PCD_DeInit                                    build/debug/usbd_conf.o
HAL_PCD_DisconnectCallback                        build/debug/usbd_conf.o
HAL_PCD_EP_Close                                  build/debug/usbd_conf.o
HAL_PCD_EP_ClrStall                               build/debug/usbd_conf.o
HAL_PCD_EP_Flush                                  build/debug/usbd_conf.o
HAL_PCD_EP_GetRxCount                             build/debug/usbd_conf.o
HAL_PCD_EP_Open                                   build/debug/usbd_conf.o
HAL_PCD_EP_Receive                                build/debug/usbd_conf.o
HAL_PCD_EP_SetStall                               build/debug/usbd_conf.o
HAL_PCD_EP_Transmit                               build/debug/usbd_conf.o
HAL_PCD_IRQHandler                                build/debug/stm32f4xx_it.o
HAL_PCD_ISOINIncompleteCallback                   build/debug/usbd_conf.o
HAL_PCD_ISOOUTIncompleteCallback                  build/debug/usbd_conf.o
HAL_PCD_Init                                      build/debug/usbd_conf.o
HAL_PCD_MspDeInit                                 build/debug/usbd_conf.o
HAL_PCD_MspInit                                   build/debug/usbd_conf.o
HAL_PCD_ResetCallback                             build/debug/usbd_conf.o
HAL_PCD_ResumeCallback                            build/debug/usbd_conf.o
HAL_PCD_SOFCallback                               build/debug/usbd_conf.o
HAL_PCD_SetAddress                                build/debug/usbd_conf.o
HAL_PCD_SetupStageCallback                        build/debug/usbd_conf.o
HAL_PCD_Start                                     build/debug/usbd_conf.o
HAL_PCD_Stop                                      build/debug/usbd_conf.o
HAL_PCD_SuspendCallback                           build/debug/usbd_conf.o
HAL_RCCEx_PeriphCLKConfig                         build/debug/stm32f4xx_hal_msp.o
HAL_RCC_ClockConfig                               build/debug/main.o
HAL_RCC_OscConfig                                 build/debug/main.o
HAL_RTC_Init                                      build/debug/main.o
HAL_RTC_MspDeInit                                 build/debug/stm32f4xx_hal_msp.o
HAL_RTC_MspInit                                   build/debug/stm32f4xx_hal_msp.o
HAL_SPI_Init                                      build/debug/main.o
HAL_SPI_MspDeInit                                 build/debug/stm32f4xx_hal_msp.o
HAL_SPI_MspInit                                   build/debug/stm32f4xx_hal_msp.o
HAL_SPI_Receive                                   build/debug/25flash.o
HAL_SPI_Transmit                                  build/debug/25flash.o
HAL_SPI_TransmitReceive                           build/debug/SX1262.o
HAL_TIMEx_MasterConfigSynchronization             build/debug/main.o
HAL_TIM_Base_Init                                 build/debug/main.o
HAL_TIM_Base_MspDeInit                            build/debug/stm32f4xx_hal_msp.o
HAL_TIM_Base_MspInit                              build/debug/stm32f4xx_hal_msp.o
HAL_TIM_ConfigClockSource                         build/debug/main.o
HAL_TIM_MspPostInit                               build/debug/stm32f4xx_hal_msp.o
                                                  build/debug/main.o
HAL_TIM_OC_ConfigChannel                          build/debug/main.o
HAL_TIM_OC_Init                                   build/debug/main.o
HAL_TIM_PWM_ConfigChannel                         build/debug/main.o
HAL_TIM_PWM_Init                                  build/debug/main.o
HAL_TIM_PWM_PulseFinishedCallback                 build/debug/neopixel.o
HAL_TIM_PWM_Start                                 build/debug/servo.o
HAL_TIM_PWM_Stop_DMA                              build/debug/neopixel.o
HAL_UART_Init                                     build/debug/main.o
HAL_UART_MspDeInit                                build/debug/stm32f4xx_hal_msp.o
HAL_UART_MspInit                                  build/debug/stm32f4xx_hal_msp.o
HAL_UART_Receive_IT                               build/debug/GNSS.o
HAL_UART_Transmit_DMA                             build/debug/GNSS.o
HASH_RNG_IRQHandler                               build/debug/startup_stm32f405xx.o
HardFault_Handler                                 build/debug/stm32f4xx_it.o
I2C1_ER_IRQHandler                                build/debug/startup_stm32f405xx.o
I2C1_EV_IRQHandler                                build/debug/startup_stm32f405xx.o
I2C2_ER_IRQHandler                                build/debug/startup_stm32f405xx.o
I2C2_EV_IRQHandler                                build/debug/startup_stm32f405xx.o
I2C3_ER_IRQHandler                                build/debug/startup_stm32f405xx.o
I2C3_EV_IRQHandler                                build/debug/startup_stm32f405xx.o
LED_Set_Color                                     build/debug/neopixel.o
LED_Update                                        build/debug/neopixel.o
LSM6DSO_ACC_Disable                               build/debug/lsm6dso.o
LSM6DSO_ACC_Disable_6D_Orientation                build/debug/lsm6dso.o
LSM6DSO_ACC_Disable_DRDY_On_INT1                  build/debug/lsm6dso.o
LSM6DSO_ACC_Disable_Double_Tap_Detection          build/debug/lsm6dso.o
LSM6DSO_ACC_Disable_Free_Fall_Detection           build/debug/lsm6dso.o
LSM6DSO_ACC_Disable_Inactivity_Detection          build/debug/lsm6dso.o
LSM6DSO_ACC_Disable_Pedometer                     build/debug/lsm6dso.o
LSM6DSO_ACC_Disable_Single_Tap_Detection          build/debug/lsm6dso.o
LSM6DSO_ACC_Disable_Tilt_Detection                build/debug/lsm6dso.o
LSM6DSO_ACC_Disable_Wake_Up_Detection             build/debug/lsm6dso.o
LSM6DSO_ACC_Driver                                build/debug/lsm6dso.o
LSM6DSO_ACC_Enable                                build/debug/lsm6dso.o
LSM6DSO_ACC_Enable_6D_Orientation                 build/debug/lsm6dso.o
LSM6DSO_ACC_Enable_DRDY_On_INT1                   build/debug/lsm6dso.o
LSM6DSO_ACC_Enable_Double_Tap_Detection           build/debug/lsm6dso.o
LSM6DSO_ACC_Enable_Free_Fall_Detection            build/debug/lsm6dso.o
LSM6DSO_ACC_Enable_Inactivity_Detection           build/debug/lsm6dso.o
LSM6DSO_ACC_Enable_Pedometer                      build/debug/lsm6dso.o
LSM6DSO_ACC_Enable_Single_Tap_Detection           build/debug/lsm6dso.o
LSM6DSO_ACC_Enable_Tilt_Detection                 build/debug/lsm6dso.o
LSM6DSO_ACC_Enable_Wake_Up_Detection              build/debug/lsm6dso.o
LSM6DSO_ACC_GetAxes                               build/debug/lsm6dso.o
LSM6DSO_ACC_GetAxesRaw                            build/debug/lsm6dso.o
LSM6DSO_ACC_GetFullScale                          build/debug/lsm6dso.o
LSM6DSO_ACC_GetOutputDataRate                     build/debug/lsm6dso.o
LSM6DSO_ACC_GetSensitivity                        build/debug/lsm6dso.o
LSM6DSO_ACC_Get_6D_Orientation_XH                 build/debug/lsm6dso.o
LSM6DSO_ACC_Get_6D_Orientation_XL                 build/debug/lsm6dso.o
LSM6DSO_ACC_Get_6D_Orientation_YH                 build/debug/lsm6dso.o
LSM6DSO_ACC_Get_6D_Orientation_YL                 build/debug/lsm6dso.o
LSM6DSO_ACC_Get_6D_Orientation_ZH                 build/debug/lsm6dso.o
LSM6DSO_ACC_Get_6D_Orientation_ZL                 build/debug/lsm6dso.o
LSM6DSO_ACC_Get_DRDY_Status                       build/debug/lsm6dso.o
LSM6DSO_ACC_Get_Event_Status                      build/debug/lsm6dso.o
LSM6DSO_ACC_Get_Step_Count                        build/debug/lsm6dso.o
LSM6DSO_ACC_SetFullScale                          build/debug/lsm6dso.o
LSM6DSO_ACC_SetOutputDataRate                     build/debug/lsm6dso.o
LSM6DSO_ACC_SetOutputDataRate_With_Mode           build/debug/lsm6dso.o
LSM6DSO_ACC_Set_6D_Orientation_Threshold          build/debug/lsm6dso.o
LSM6DSO_ACC_Set_Filter_Mode                       build/debug/lsm6dso.o
LSM6DSO_ACC_Set_Free_Fall_Duration                build/debug/lsm6dso.o
LSM6DSO_ACC_Set_Free_Fall_Threshold               build/debug/lsm6dso.o
LSM6DSO_ACC_Set_Power_Mode                        build/debug/lsm6dso.o
LSM6DSO_ACC_Set_SelfTest                          build/debug/lsm6dso.o
LSM6DSO_ACC_Set_Sleep_Duration                    build/debug/lsm6dso.o
LSM6DSO_ACC_Set_Tap_Duration_Time                 build/debug/lsm6dso.o
LSM6DSO_ACC_Set_Tap_Quiet_Time                    build/debug/lsm6dso.o
LSM6DSO_ACC_Set_Tap_Shock_Time                    build/debug/lsm6dso.o
LSM6DSO_ACC_Set_Tap_Threshold                     build/debug/lsm6dso.o
LSM6DSO_ACC_Set_Wake_Up_Duration                  build/debug/lsm6dso.o
LSM6DSO_ACC_Set_Wake_Up_Threshold                 build/debug/lsm6dso.o
LSM6DSO_ACC_Step_Counter_Reset                    build/debug/lsm6dso.o
LSM6DSO_COMMON_Driver                             build/debug/lsm6dso.o
LSM6DSO_DRDY_Set_Mode                             build/debug/lsm6dso.o
LSM6DSO_DeInit                                    build/debug/lsm6dso.o
LSM6DSO_FIFO_ACC_Get_Axes                         build/debug/lsm6dso.o
LSM6DSO_FIFO_ACC_Set_BDR                          build/debug/lsm6dso.o
LSM6DSO_FIFO_GYRO_Get_Axes                        build/debug/lsm6dso.o
LSM6DSO_FIFO_GYRO_Set_BDR                         build/debug/lsm6dso.o
LSM6DSO_FIFO_Get_Data                             build/debug/lsm6dso.o
LSM6DSO_FIFO_Get_Full_Status                      build/debug/lsm6dso.o
LSM6DSO_FIFO_Get_Num_Samples                      build/debug/lsm6dso.o
LSM6DSO_FIFO_Get_Tag                              build/debug/lsm6dso.o
LSM6DSO_FIFO_Set_INT1_FIFO_Full                   build/debug/lsm6dso.o
LSM6DSO_FIFO_Set_Mode                             build/debug/lsm6dso.o
LSM6DSO_FIFO_Set_Stop_On_Fth                      build/debug/lsm6dso.o
LSM6DSO_FIFO_Set_Watermark_Level                  build/debug/lsm6dso.o
LSM6DSO_GYRO_Disable                              build/debug/lsm6dso.o
LSM6DSO_GYRO_Driver                               build/debug/lsm6dso.o
LSM6DSO_GYRO_Enable                               build/debug/lsm6dso.o
LSM6DSO_GYRO_Enable_DRDY_On_INT2                  build/debug/lsm6dso.o
LSM6DSO_GYRO_GetAxes                              build/debug/lsm6dso.o
LSM6DSO_GYRO_GetAxesRaw                           build/debug/lsm6dso.o
LSM6DSO_GYRO_GetFullScale                         build/debug/lsm6dso.o
LSM6DSO_GYRO_GetOutputDataRate                    build/debug/lsm6dso.o
LSM6DSO_GYRO_GetSensitivity                       build/debug/lsm6dso.o
LSM6DSO_GYRO_Get_DRDY_Status                      build/debug/lsm6dso.o
LSM6DSO_GYRO_SetFullScale                         build/debug/lsm6dso.o
LSM6DSO_GYRO_SetOutputDataRate                    build/debug/lsm6dso.o
LSM6DSO_GYRO_SetOutputDataRate_With_Mode          build/debug/lsm6dso.o
LSM6DSO_GYRO_Set_Filter_Mode                      build/debug/lsm6dso.o
LSM6DSO_GYRO_Set_Power_Mode                       build/debug/lsm6dso.o
LSM6DSO_GYRO_Set_SelfTest                         build/debug/lsm6dso.o
LSM6DSO_GetCapabilities                           build/debug/lsm6dso.o
LSM6DSO_Init                                      build/debug/lsm6dso.o
LSM6DSO_ReadID                                    build/debug/lsm6dso.o
LSM6DSO_Read_Reg                                  build/debug/lsm6dso.o
LSM6DSO_RegisterBusIO                             build/debug/lsm6dso.o
LSM6DSO_Set_Interrupt_Latch                       build/debug/lsm6dso.o
LSM6DSO_Write_Reg                                 build/debug/lsm6dso.o
MX_USB_DEVICE_Init                                build/debug/usb_device.o
                                                  build/debug/main.o
MemManage_Handler                                 build/debug/stm32f4xx_it.o
NMI_Handler                                       build/debug/stm32f4xx_it.o
OTG_FS_IRQHandler                                 build/debug/stm32f4xx_it.o
OTG_FS_WKUP_IRQHandler                            build/debug/startup_stm32f405xx.o
OTG_HS_EP1_IN_IRQHandler                          build/debug/startup_stm32f405xx.o
OTG_HS_EP1_OUT_IRQHandler                         build/debug/startup_stm32f405xx.o
OTG_HS_IRQHandler                                 build/debug/startup_stm32f405xx.o
OTG_HS_WKUP_IRQHandler                            build/debug/startup_stm32f405xx.o
PVD_IRQHandler                                    build/debug/startup_stm32f405xx.o
PendSV_Handler                                    build/debug/stm32f4xx_it.o
RCC_IRQHandler                                    build/debug/startup_stm32f405xx.o
RTC_Alarm_IRQHandler                              build/debug/startup_stm32f405xx.o
RTC_WKUP_IRQHandler                               build/debug/startup_stm32f405xx.o
Reset_Handler                                     build/debug/startup_stm32f405xx.o
SDIO_IRQHandler                                   build/debug/startup_stm32f405xx.o
SPI1_IRQHandler                                   build/debug/startup_stm32f405xx.o
SPI2_IRQHandler                                   build/debug/startup_stm32f405xx.o
SPI3_IRQHandler                                   build/debug/startup_stm32f405xx.o
STORAGE_Inquirydata_FS                            build/debug/usbd_storage_if.o
SVC_Handler                                       build/debug/stm32f4xx_it.o
SX1262_BusyWait                                   build/debug/SX1262.o
SX1262_CSHigh                                     build/debug/SX1262.o
SX1262_CSLow                                      build/debug/SX1262.o
SX1262_Check_Correct                              build/debug/SX1262.o
SX1262_Get_st                                     build/debug/SX1262.o
SX1262_HandleCallback                             build/debug/SX1262.o
SX1262_Init                                       build/debug/SX1262.o
SX1262_IsBusy                                     build/debug/SX1262.o
SX1262_Radio_essental_Config                      build/debug/SX1262.o
SX1262_SetFrequency                               build/debug/SX1262.o
SX1262_Set_Command                                build/debug/SX1262.o
SX1262_Transmit                                   build/debug/SX1262.o
SX1262_TxWait                                     build/debug/SX1262.o
SX1262_getstatus                                  build/debug/SX1262.o
SX1262_setModeReceive                             build/debug/SX1262.o
SX1262_setModeStandby                             build/debug/SX1262.o
SX1262_setRX                                      build/debug/SX1262.o
SX1262_waitForRadioCommandCompletion              build/debug/SX1262.o
SX_stc                                            build/debug/SX1262.o
Servo_Init                                        build/debug/servo.o
Servo_SetAngle                                    build/debug/servo.o
Servo_SetAngleFine                                build/debug/servo.o
Status_Now                                        build/debug/SX1262.o
SysTick_Handler                                   build/debug/stm32f4xx_it.o
SystemClock_Config                                build/debug/main.o
SystemCoreClock                                   build/debug/system_stm32f4xx.o
SystemCoreClockUpdate                             build/debug/system_stm32f4xx.o
SystemInit                                        build/debug/system_stm32f4xx.o
                                                  build/debug/startup_stm32f405xx.o
TAMP_STAMP_IRQHandler                             build/debug/startup_stm32f405xx.o
TIM1_BRK_TIM9_IRQHandler                          build/debug/startup_stm32f405xx.o
TIM1_CC_IRQHandler                                build/debug/startup_stm32f405xx.o
TIM1_TRG_COM_TIM11_IRQHandler                     build/debug/startup_stm32f405xx.o
TIM1_UP_TIM10_IRQHandler                          build/debug/startup_stm32f405xx.o
TIM2_IRQHandler                                   build/debug/startup_stm32f405xx.o
TIM3_IRQHandler                                   build/debug/startup_stm32f405xx.o
TIM4_IRQHandler                                   build/debug/startup_stm32f405xx.o
TIM5_IRQHandler                                   build/debug/startup_stm32f405xx.o
TIM6_DAC_IRQHandler                               build/debug/startup_stm32f405xx.o
TIM7_IRQHandler                                   build/debug/startup_stm32f405xx.o
TIM8_BRK_TIM12_IRQHandler                         build/debug/startup_stm32f405xx.o
TIM8_CC_IRQHandler                                build/debug/startup_stm32f405xx.o
TIM8_TRG_COM_TIM14_IRQHandler                     build/debug/startup_stm32f405xx.o
TIM8_UP_TIM13_IRQHandler                          build/debug/startup_stm32f405xx.o
UART4_IRQHandler                                  build/debug/startup_stm32f405xx.o
UART5_IRQHandler                                  build/debug/startup_stm32f405xx.o
USART1_IRQHandler                                 build/debug/startup_stm32f405xx.o
USART2_IRQHandler                                 build/debug/startup_stm32f405xx.o
USART3_IRQHandler                                 build/debug/startup_stm32f405xx.o
USART6_IRQHandler                                 build/debug/startup_stm32f405xx.o
USBD_FS_ConfigStrDescriptor                       build/debug/usbd_desc.o
USBD_FS_DeviceDesc                                build/debug/usbd_desc.o
USBD_FS_DeviceDescriptor                          build/debug/usbd_desc.o
USBD_FS_InterfaceStrDescriptor                    build/debug/usbd_desc.o
USBD_FS_LangIDStrDescriptor                       build/debug/usbd_desc.o
USBD_FS_ManufacturerStrDescriptor                 build/debug/usbd_desc.o
USBD_FS_ProductStrDescriptor                      build/debug/usbd_desc.o
USBD_FS_SerialStrDescriptor                       build/debug/usbd_desc.o
USBD_GetString                                    build/debug/usbd_desc.o
USBD_Get_USB_Status                               build/debug/usbd_conf.o
USBD_Init                                         build/debug/usb_device.o
USBD_LL_ClearStallEP                              build/debug/usbd_conf.o
USBD_LL_CloseEP                                   build/debug/usbd_conf.o
USBD_LL_DataInStage                               build/debug/usbd_conf.o
USBD_LL_DataOutStage                              build/debug/usbd_conf.o
USBD_LL_DeInit                                    build/debug/usbd_conf.o
USBD_LL_Delay                                     build/debug/usbd_conf.o
USBD_LL_DevConnected                              build/debug/usbd_conf.o
USBD_LL_DevDisconnected                           build/debug/usbd_conf.o
USBD_LL_FlushEP                                   build/debug/usbd_conf.o
USBD_LL_GetRxDataSize                             build/debug/usbd_conf.o
USBD_LL_Init                                      build/debug/usbd_conf.o
USBD_LL_IsStallEP                                 build/debug/usbd_conf.o
USBD_LL_IsoINIncomplete                           build/debug/usbd_conf.o
USBD_LL_IsoOUTIncomplete                          build/debug/usbd_conf.o
USBD_LL_OpenEP                                    build/debug/usbd_conf.o
USBD_LL_PrepareReceive                            build/debug/usbd_conf.o
USBD_LL_Reset                                     build/debug/usbd_conf.o
USBD_LL_Resume                                    build/debug/usbd_conf.o
USBD_LL_SOF                                       build/debug/usbd_conf.o
USBD_LL_SetSpeed                                  build/debug/usbd_conf.o
USBD_LL_SetUSBAddress                             build/debug/usbd_conf.o
USBD_LL_SetupStage                                build/debug/usbd_conf.o
USBD_LL_StallEP                                   build/debug/usbd_conf.o
USBD_LL_Start                                     build/debug/usbd_conf.o
USBD_LL_Stop                                      build/debug/usbd_conf.o
USBD_LL_Suspend                                   build/debug/usbd_conf.o
USBD_LL_Transmit                                  build/debug/usbd_conf.o
USBD_LangIDDesc                                   build/debug/usbd_desc.o
USBD_MSC                                          build/debug/usb_device.o
USBD_MSC_RegisterStorage                          build/debug/usb_device.o
USBD_RegisterClass                                build/debug/usb_device.o
USBD_Start                                        build/debug/usb_device.o
USBD_Storage_Interface_fops_FS                    build/debug/usbd_storage_if.o
                                                  build/debug/usb_device.o
USBD_StrDesc                                      build/debug/usbd_desc.o
USBD_StringSerial                                 build/debug/usbd_desc.o
USBD_static_free                                  build/debug/usbd_conf.o
USBD_static_malloc                                build/debug/usbd_conf.o
UsageFault_Handler                                build/debug/stm32f4xx_it.o
WWDG_IRQHandler                                   build/debug/startup_stm32f405xx.o
_Min_Stack_Size                                   build/debug/sysmem.o
__adddf3                                          /Users/kroko/Library/Application Support/Code/User/globalStorage/bmd.stm32-for-vscode/@xpack-dev-tools/arm-none-eabi-gcc/13.3.1-1.1.1/.content/bin/../lib/gcc/arm-none-eabi/13.3.1/thumb/v7e-m+fp/hard/libgcc.a(_arm_addsubdf3.o)
__aeabi_cdcmpeq                                   /Users/kroko/Library/Application Support/Code/User/globalStorage/bmd.stm32-for-vscode/@xpack-dev-tools/arm-none-eabi-gcc/13.3.1-1.1.1/.content/bin/../lib/gcc/arm-none-eabi/13.3.1/thumb/v7e-m+fp/hard/libgcc.a(_arm_cmpdf2.o)
__aeabi_cdcmple                                   /Users/kroko/Library/Application Support/Code/User/globalStorage/bmd.stm32-for-vscode/@xpack-dev-tools/arm-none-eabi-gcc/13.3.1-1.1.1/.content/bin/../lib/gcc/arm-none-eabi/13.3.1/thumb/v7e-m+fp/hard/libgcc.a(_arm_cmpdf2.o)
__aeabi_cdrcmple                                  /Users/kroko/Library/Application Support/Code/User/globalStorage/bmd.stm32-for-vscode/@xpack-dev-tools/arm-none-eabi-gcc/13.3.1-1.1.1/.content/bin/../lib/gcc/arm-none-eabi/13.3.1/thumb/v7e-m+fp/hard/libgcc.a(_arm_cmpdf2.o)
__aeabi_d2f                                       /Users/kroko/Library/Application Support/Code/User/globalStorage/bmd.stm32-for-vscode/@xpack-dev-tools/arm-none-eabi-gcc/13.3.1-1.1.1/.content/bin/../lib/gcc/arm-none-eabi/13.3.1/thumb/v7e-m+fp/hard/libgcc.a(_arm_truncdfsf2.o)
                                                  build/debug/main.o
                                                  build/debug/BMP388.o
__aeabi_d2iz                                      /Users/kroko/Library/Application Support/Code/User/globalStorage/bmd.stm32-for-vscode/@xpack-dev-tools/arm-none-eabi-gcc/13.3.1-1.1.1/.content/bin/../lib/gcc/arm-none-eabi/13.3.1/thumb/v7e-m+fp/hard/libgcc.a(_arm_fixdfsi.o)
                                                  build/debug/GNSS.o
__aeabi_d2uiz                                     /Users/kroko/Library/Application Support/Code/User/globalStorage/bmd.stm32-for-vscode/@xpack-dev-tools/arm-none-eabi-gcc/13.3.1-1.1.1/.content/bin/../lib/gcc/arm-none-eabi/13.3.1/thumb/v7e-m+fp/hard/libgcc.a(_arm_fixunsdfsi.o)
                                                  build/debug/SX1262.o
__aeabi_dadd                                      /Users/kroko/Library/Application Support/Code/User/globalStorage/bmd.stm32-for-vscode/@xpack-dev-tools/arm-none-eabi-gcc/13.3.1-1.1.1/.content/bin/../lib/gcc/arm-none-eabi/13.3.1/thumb/v7e-m+fp/hard/libgcc.a(_arm_addsubdf3.o)
                                                  /Users/kroko/Library/Application Support/Code/User/globalStorage/bmd.stm32-for-vscode/@xpack-dev-tools/arm-none-eabi-gcc/13.3.1-1.1.1/.content/bin/../lib/gcc/arm-none-eabi/13.3.1/../../../../arm-none-eabi/lib/thumb/v7e-m+fp/hard/libm.a(libm_a-e_sqrt.o)
                                                  /Users/kroko/Library/Application Support/Code/User/globalStorage/bmd.stm32-for-vscode/@xpack-dev-tools/arm-none-eabi-gcc/13.3.1-1.1.1/.content/bin/../lib/gcc/arm-none-eabi/13.3.1/../../../../arm-none-eabi/lib/thumb/v7e-m+fp/hard/libm.a(libm_a-s_scalbn.o)
                                                  /Users/kroko/Library/Application Support/Code/User/globalStorage/bmd.stm32-for-vscode/@xpack-dev-tools/arm-none-eabi-gcc/13.3.1-1.1.1/.content/bin/../lib/gcc/arm-none-eabi/13.3.1/../../../../arm-none-eabi/lib/thumb/v7e-m+fp/hard/libm.a(libm_a-e_pow.o)
__aeabi_dcmpeq                                    /Users/kroko/Library/Application Support/Code/User/globalStorage/bmd.stm32-for-vscode/@xpack-dev-tools/arm-none-eabi-gcc/13.3.1-1.1.1/.content/bin/../lib/gcc/arm-none-eabi/13.3.1/thumb/v7e-m+fp/hard/libgcc.a(_arm_cmpdf2.o)
                                                  /Users/kroko/Library/Application Support/Code/User/globalStorage/bmd.stm32-for-vscode/@xpack-dev-tools/arm-none-eabi-gcc/13.3.1-1.1.1/.content/bin/../lib/gcc/arm-none-eabi/13.3.1/../../../../arm-none-eabi/lib/thumb/v7e-m+fp/hard/libm.a(libm_a-math_err.o)
                                                  /Users/kroko/Library/Application Support/Code/User/globalStorage/bmd.stm32-for-vscode/@xpack-dev-tools/arm-none-eabi-gcc/13.3.1-1.1.1/.content/bin/../lib/gcc/arm-none-eabi/13.3.1/../../../../arm-none-eabi/lib/thumb/v7e-m+fp/hard/libm.a(libm_a-w_pow.o)
__aeabi_dcmpge                                    /Users/kroko/Library/Application Support/Code/User/globalStorage/bmd.stm32-for-vscode/@xpack-dev-tools/arm-none-eabi-gcc/13.3.1-1.1.1/.content/bin/../lib/gcc/arm-none-eabi/13.3.1/thumb/v7e-m+fp/hard/libgcc.a(_arm_cmpdf2.o)
                                                  /Users/kroko/Library/Application Support/Code/User/globalStorage/bmd.stm32-for-vscode/@xpack-dev-tools/arm-none-eabi-gcc/13.3.1-1.1.1/.content/bin/../lib/gcc/arm-none-eabi/13.3.1/../../../../arm-none-eabi/lib/thumb/v7e-m+fp/hard/libm.a(libm_a-e_pow.o)
__aeabi_dcmpgt                                    /Users/kroko/Library/Application Support/Code/User/globalStorage/bmd.stm32-for-vscode/@xpack-dev-tools/arm-none-eabi-gcc/13.3.1-1.1.1/.content/bin/../lib/gcc/arm-none-eabi/13.3.1/thumb/v7e-m+fp/hard/libgcc.a(_arm_cmpdf2.o)
                                                  /Users/kroko/Library/Application Support/Code/User/globalStorage/bmd.stm32-for-vscode/@xpack-dev-tools/arm-none-eabi-gcc/13.3.1-1.1.1/.content/bin/../lib/gcc/arm-none-eabi/13.3.1/../../../../arm-none-eabi/lib/thumb/v7e-m+fp/hard/libm.a(libm_a-e_pow.o)
__aeabi_dcmple                                    /Users/kroko/Library/Application Support/Code/User/globalStorage/bmd.stm32-for-vscode/@xpack-dev-tools/arm-none-eabi-gcc/13.3.1-1.1.1/.content/bin/../lib/gcc/arm-none-eabi/13.3.1/thumb/v7e-m+fp/hard/libgcc.a(_arm_cmpdf2.o)
                                                  /Users/kroko/Library/Application Support/Code/User/globalStorage/bmd.stm32-for-vscode/@xpack-dev-tools/arm-none-eabi-gcc/13.3.1-1.1.1/.content/bin/../lib/gcc/arm-none-eabi/13.3.1/../../../../arm-none-eabi/lib/thumb/v7e-m+fp/hard/libm.a(libm_a-e_sqrt.o)
                                                  /Users/kroko/Library/Application Support/Code/User/globalStorage/bmd.stm32-for-vscode/@xpack-dev-tools/arm-none-eabi-gcc/13.3.1-1.1.1/.content/bin/../lib/gcc/arm-none-eabi/13.3.1/../../../../arm-none-eabi/lib/thumb/v7e-m+fp/hard/libm.a(libm_a-math_err.o)
__aeabi_dcmplt                                    /Users/kroko/Library/Application Support/Code/User/globalStorage/bmd.stm32-for-vscode/@xpack-dev-tools/arm-none-eabi-gcc/13.3.1-1.1.1/.content/bin/../lib/gcc/arm-none-eabi/13.3.1/thumb/v7e-m+fp/hard/libgcc.a(_arm_cmpdf2.o)
                                                  /Users/kroko/Library/Application Support/Code/User/globalStorage/bmd.stm32-for-vscode/@xpack-dev-tools/arm-none-eabi-gcc/13.3.1-1.1.1/.content/bin/../lib/gcc/arm-none-eabi/13.3.1/../../../../arm-none-eabi/lib/thumb/v7e-m+fp/hard/libm.a(libm_a-e_sqrt.o)
                                                  /Users/kroko/Library/Application Support/Code/User/globalStorage/bmd.stm32-for-vscode/@xpack-dev-tools/arm-none-eabi-gcc/13.3.1-1.1.1/.content/bin/../lib/gcc/arm-none-eabi/13.3.1/../../../../arm-none-eabi/lib/thumb/v7e-m+fp/hard/libm.a(libm_a-e_pow.o)
                                                  /Users/kroko/Library/Application Support/Code/User/globalStorage/bmd.stm32-for-vscode/@xpack-dev-tools/arm-none-eabi-gcc/13.3.1-1.1.1/.content/bin/../lib/gcc/arm-none-eabi/13.3.1/../../../../arm-none-eabi/lib/thumb/v7e-m+fp/hard/libm.a(libm_a-w_pow.o)
__aeabi_dcmpun                                    /Users/kroko/Library/Application Support/Code/User/globalStorage/bmd.stm32-for-vscode/@xpack-dev-tools/arm-none-eabi-gcc/13.3.1-1.1.1/.content/bin/../lib/gcc/arm-none-eabi/13.3.1/thumb/v7e-m+fp/hard/libgcc.a(_arm_unorddf2.o)
                                                  /Users/kroko/Library/Application Support/Code/User/globalStorage/bmd.stm32-for-vscode/@xpack-dev-tools/arm-none-eabi-gcc/13.3.1-1.1.1/.content/bin/../lib/gcc/arm-none-eabi/13.3.1/../../../../arm-none-eabi/lib/thumb/v7e-m+fp/hard/libm.a(libm_a-math_err.o)
                                                  /Users/kroko/Library/Application Support/Code/User/globalStorage/bmd.stm32-for-vscode/@xpack-dev-tools/arm-none-eabi-gcc/13.3.1-1.1.1/.content/bin/../lib/gcc/arm-none-eabi/13.3.1/../../../../arm-none-eabi/lib/thumb/v7e-m+fp/hard/libm.a(libm_a-w_pow.o)
__aeabi_ddiv                                      /Users/kroko/Library/Application Support/Code/User/globalStorage/bmd.stm32-for-vscode/@xpack-dev-tools/arm-none-eabi-gcc/13.3.1-1.1.1/.content/bin/../lib/gcc/arm-none-eabi/13.3.1/thumb/v7e-m+fp/hard/libgcc.a(_arm_muldivdf3.o)
                                                  /Users/kroko/Library/Application Support/Code/User/globalStorage/bmd.stm32-for-vscode/@xpack-dev-tools/arm-none-eabi-gcc/13.3.1-1.1.1/.content/bin/../lib/gcc/arm-none-eabi/13.3.1/../../../../arm-none-eabi/lib/thumb/v7e-m+fp/hard/libm.a(libm_a-e_sqrt.o)
                                                  /Users/kroko/Library/Application Support/Code/User/globalStorage/bmd.stm32-for-vscode/@xpack-dev-tools/arm-none-eabi-gcc/13.3.1-1.1.1/.content/bin/../lib/gcc/arm-none-eabi/13.3.1/../../../../arm-none-eabi/lib/thumb/v7e-m+fp/hard/libm.a(libm_a-math_err.o)
                                                  /Users/kroko/Library/Application Support/Code/User/globalStorage/bmd.stm32-for-vscode/@xpack-dev-tools/arm-none-eabi-gcc/13.3.1-1.1.1/.content/bin/../lib/gcc/arm-none-eabi/13.3.1/../../../../arm-none-eabi/lib/thumb/v7e-m+fp/hard/libm.a(libm_a-e_pow.o)
                                                  build/debug/main.o
                                                  build/debug/SX1262.o
__aeabi_dmul                                      /Users/kroko/Library/Application Support/Code/User/globalStorage/bmd.stm32-for-vscode/@xpack-dev-tools/arm-none-eabi-gcc/13.3.1-1.1.1/.content/bin/../lib/gcc/arm-none-eabi/13.3.1/thumb/v7e-m+fp/hard/libgcc.a(_arm_muldivdf3.o)
                                                  /Users/kroko/Library/Application Support/Code/User/globalStorage/bmd.stm32-for-vscode/@xpack-dev-tools/arm-none-eabi-gcc/13.3.1-1.1.1/.content/bin/../lib/gcc/arm-none-eabi/13.3.1/thumb/v7e-m+fp/hard/libgcc.a(_arm_muldf3.o)
                                                  /Users/kroko/Library/Application Support/Code/User/globalStorage/bmd.stm32-for-vscode/@xpack-dev-tools/arm-none-eabi-gcc/13.3.1-1.1.1/.content/bin/../lib/gcc/arm-none-eabi/13.3.1/../../../../arm-none-eabi/lib/thumb/v7e-m+fp/hard/libm.a(libm_a-e_sqrt.o)
                                                  /Users/kroko/Library/Application Support/Code/User/globalStorage/bmd.stm32-for-vscode/@xpack-dev-tools/arm-none-eabi-gcc/13.3.1-1.1.1/.content/bin/../lib/gcc/arm-none-eabi/13.3.1/../../../../arm-none-eabi/lib/thumb/v7e-m+fp/hard/libm.a(libm_a-s_scalbn.o)
                                                  /Users/kroko/Library/Application Support/Code/User/globalStorage/bmd.stm32-for-vscode/@xpack-dev-tools/arm-none-eabi-gcc/13.3.1-1.1.1/.content/bin/../lib/gcc/arm-none-eabi/13.3.1/../../../../arm-none-eabi/lib/thumb/v7e-m+fp/hard/libm.a(libm_a-math_err.o)
                                                  /Users/kroko/Library/Application Support/Code/User/globalStorage/bmd.stm32-for-vscode/@xpack-dev-tools/arm-none-eabi-gcc/13.3.1-1.1.1/.content/bin/../lib/gcc/arm-none-eabi/13.3.1/../../../../arm-none-eabi/lib/thumb/v7e-m+fp/hard/libm.a(libm_a-e_pow.o)
                                                  build/debug/main.o
                                                  build/debug/GNSS.o
                                                  build/debug/BMP388.o
__aeabi_drsub                                     /Users/kroko/Library/Application Support/Code/User/globalStorage/bmd.stm32-for-vscode/@xpack-dev-tools/arm-none-eabi-gcc/13.3.1-1.1.1/.content/bin/../lib/gcc/arm-none-eabi/13.3.1/thumb/v7e-m+fp/hard/libgcc.a(_arm_addsubdf3.o)
__aeabi_dsub                                      /Users/kroko/Library/Application Support/Code/User/globalStorage/bmd.stm32-for-vscode/@xpack-dev-tools/arm-none-eabi-gcc/13.3.1-1.1.1/.content/bin/../lib/gcc/arm-none-eabi/13.3.1/thumb/v7e-m+fp/hard/libgcc.a(_arm_addsubdf3.o)
                                                  /Users/kroko/Library/Application Support/Code/User/globalStorage/bmd.stm32-for-vscode/@xpack-dev-tools/arm-none-eabi-gcc/13.3.1-1.1.1/.content/bin/../lib/gcc/arm-none-eabi/13.3.1/../../../../arm-none-eabi/lib/thumb/v7e-m+fp/hard/libm.a(libm_a-e_sqrt.o)
                                                  /Users/kroko/Library/Application Support/Code/User/globalStorage/bmd.stm32-for-vscode/@xpack-dev-tools/arm-none-eabi-gcc/13.3.1-1.1.1/.content/bin/../lib/gcc/arm-none-eabi/13.3.1/../../../../arm-none-eabi/lib/thumb/v7e-m+fp/hard/libm.a(libm_a-math_err.o)
                                                  /Users/kroko/Library/Application Support/Code/User/globalStorage/bmd.stm32-for-vscode/@xpack-dev-tools/arm-none-eabi-gcc/13.3.1-1.1.1/.content/bin/../lib/gcc/arm-none-eabi/13.3.1/../../../../arm-none-eabi/lib/thumb/v7e-m+fp/hard/libm.a(libm_a-e_pow.o)
                                                  build/debug/BMP388.o
__aeabi_f2d                                       /Users/kroko/Library/Application Support/Code/User/globalStorage/bmd.stm32-for-vscode/@xpack-dev-tools/arm-none-eabi-gcc/13.3.1-1.1.1/.content/bin/../lib/gcc/arm-none-eabi/13.3.1/thumb/v7e-m+fp/hard/libgcc.a(_arm_addsubdf3.o)
                                                  build/debug/BMP388.o
__aeabi_i2d                                       /Users/kroko/Library/Application Support/Code/User/globalStorage/bmd.stm32-for-vscode/@xpack-dev-tools/arm-none-eabi-gcc/13.3.1-1.1.1/.content/bin/../lib/gcc/arm-none-eabi/13.3.1/thumb/v7e-m+fp/hard/libgcc.a(_arm_addsubdf3.o)
                                                  /Users/kroko/Library/Application Support/Code/User/globalStorage/bmd.stm32-for-vscode/@xpack-dev-tools/arm-none-eabi-gcc/13.3.1-1.1.1/.content/bin/../lib/gcc/arm-none-eabi/13.3.1/../../../../arm-none-eabi/lib/thumb/v7e-m+fp/hard/libm.a(libm_a-e_pow.o)
                                                  build/debug/GNSS.o
__aeabi_l2d                                       /Users/kroko/Library/Application Support/Code/User/globalStorage/bmd.stm32-for-vscode/@xpack-dev-tools/arm-none-eabi-gcc/13.3.1-1.1.1/.content/bin/../lib/gcc/arm-none-eabi/13.3.1/thumb/v7e-m+fp/hard/libgcc.a(_arm_addsubdf3.o)
__aeabi_ui2d                                      /Users/kroko/Library/Application Support/Code/User/globalStorage/bmd.stm32-for-vscode/@xpack-dev-tools/arm-none-eabi-gcc/13.3.1-1.1.1/.content/bin/../lib/gcc/arm-none-eabi/13.3.1/thumb/v7e-m+fp/hard/libgcc.a(_arm_addsubdf3.o)
                                                  build/debug/main.o
                                                  build/debug/SX1262.o
__aeabi_ul2d                                      /Users/kroko/Library/Application Support/Code/User/globalStorage/bmd.stm32-for-vscode/@xpack-dev-tools/arm-none-eabi-gcc/13.3.1-1.1.1/.content/bin/../lib/gcc/arm-none-eabi/13.3.1/thumb/v7e-m+fp/hard/libgcc.a(_arm_addsubdf3.o)
__atexit                                          /Users/kroko/Library/Application Support/Code/User/globalStorage/bmd.stm32-for-vscode/@xpack-dev-tools/arm-none-eabi-gcc/13.3.1-1.1.1/.content/bin/../lib/gcc/arm-none-eabi/13.3.1/../../../../arm-none-eabi/lib/thumb/v7e-m+fp/hard/libc_nano.a(libc_a-__call_atexit.o)
                                                  /Users/kroko/Library/Application Support/Code/User/globalStorage/bmd.stm32-for-vscode/@xpack-dev-tools/arm-none-eabi-gcc/13.3.1-1.1.1/.content/bin/../lib/gcc/arm-none-eabi/13.3.1/../../../../arm-none-eabi/lib/thumb/v7e-m+fp/hard/libc_nano.a(libc_a-__atexit.o)
__atexit0                                         /Users/kroko/Library/Application Support/Code/User/globalStorage/bmd.stm32-for-vscode/@xpack-dev-tools/arm-none-eabi-gcc/13.3.1-1.1.1/.content/bin/../lib/gcc/arm-none-eabi/13.3.1/../../../../arm-none-eabi/lib/thumb/v7e-m+fp/hard/libc_nano.a(libc_a-__atexit.o)
__atexit_dummy                                    /Users/kroko/Library/Application Support/Code/User/globalStorage/bmd.stm32-for-vscode/@xpack-dev-tools/arm-none-eabi-gcc/13.3.1-1.1.1/.content/bin/../lib/gcc/arm-none-eabi/13.3.1/../../../../arm-none-eabi/lib/thumb/v7e-m+fp/hard/libc_nano.a(libc_a-__atexit.o)
__atexit_recursive_mutex                          /Users/kroko/Library/Application Support/Code/User/globalStorage/bmd.stm32-for-vscode/@xpack-dev-tools/arm-none-eabi-gcc/13.3.1-1.1.1/.content/bin/../lib/gcc/arm-none-eabi/13.3.1/../../../../arm-none-eabi/lib/thumb/v7e-m+fp/hard/libc_nano.a(libc_a-__call_atexit.o)
                                                  /Users/kroko/Library/Application Support/Code/User/globalStorage/bmd.stm32-for-vscode/@xpack-dev-tools/arm-none-eabi-gcc/13.3.1-1.1.1/.content/bin/../lib/gcc/arm-none-eabi/13.3.1/../../../../arm-none-eabi/lib/thumb/v7e-m+fp/hard/libc_nano.a(libc_a-__atexit.o)
__bss_end__                                       /Users/kroko/Library/Application Support/Code/User/globalStorage/bmd.stm32-for-vscode/@xpack-dev-tools/arm-none-eabi-gcc/13.3.1-1.1.1/.content/bin/../lib/gcc/arm-none-eabi/13.3.1/../../../../arm-none-eabi/lib/thumb/v7e-m+fp/hard/crt0.o
__bss_start__                                     /Users/kroko/Library/Application Support/Code/User/globalStorage/bmd.stm32-for-vscode/@xpack-dev-tools/arm-none-eabi-gcc/13.3.1-1.1.1/.content/bin/../lib/gcc/arm-none-eabi/13.3.1/../../../../arm-none-eabi/lib/thumb/v7e-m+fp/hard/crt0.o
__call_exitprocs                                  /Users/kroko/Library/Application Support/Code/User/globalStorage/bmd.stm32-for-vscode/@xpack-dev-tools/arm-none-eabi-gcc/13.3.1-1.1.1/.content/bin/../lib/gcc/arm-none-eabi/13.3.1/../../../../arm-none-eabi/lib/thumb/v7e-m+fp/hard/libc_nano.a(libc_a-__call_atexit.o)
                                                  /Users/kroko/Library/Application Support/Code/User/globalStorage/bmd.stm32-for-vscode/@xpack-dev-tools/arm-none-eabi-gcc/13.3.1-1.1.1/.content/bin/../lib/gcc/arm-none-eabi/13.3.1/../../../../arm-none-eabi/lib/thumb/v7e-m+fp/hard/libc_nano.a(libc_a-__atexit.o)
                                                  /Users/kroko/Library/Application Support/Code/User/globalStorage/bmd.stm32-for-vscode/@xpack-dev-tools/arm-none-eabi-gcc/13.3.1-1.1.1/.content/bin/../lib/gcc/arm-none-eabi/13.3.1/../../../../arm-none-eabi/lib/thumb/v7e-m+fp/hard/libc_nano.a(libc_a-exit.o)
__cmpdf2                                          /Users/kroko/Library/Application Support/Code/User/globalStorage/bmd.stm32-for-vscode/@xpack-dev-tools/arm-none-eabi-gcc/13.3.1-1.1.1/.content/bin/../lib/gcc/arm-none-eabi/13.3.1/thumb/v7e-m+fp/hard/libgcc.a(_arm_cmpdf2.o)
__deregister_frame_info                           /Users/kroko/Library/Application Support/Code/User/globalStorage/bmd.stm32-for-vscode/@xpack-dev-tools/arm-none-eabi-gcc/13.3.1-1.1.1/.content/bin/../lib/gcc/arm-none-eabi/13.3.1/thumb/v7e-m+fp/hard/crtbegin.o
__divdf3                                          /Users/kroko/Library/Application Support/Code/User/globalStorage/bmd.stm32-for-vscode/@xpack-dev-tools/arm-none-eabi-gcc/13.3.1-1.1.1/.content/bin/../lib/gcc/arm-none-eabi/13.3.1/thumb/v7e-m+fp/hard/libgcc.a(_arm_muldivdf3.o)
__dso_handle                                      /Users/kroko/Library/Application Support/Code/User/globalStorage/bmd.stm32-for-vscode/@xpack-dev-tools/arm-none-eabi-gcc/13.3.1-1.1.1/.content/bin/../lib/gcc/arm-none-eabi/13.3.1/thumb/v7e-m+fp/hard/crtbegin.o
__env                                             build/debug/syscalls.o
__eqdf2                                           /Users/kroko/Library/Application Support/Code/User/globalStorage/bmd.stm32-for-vscode/@xpack-dev-tools/arm-none-eabi-gcc/13.3.1-1.1.1/.content/bin/../lib/gcc/arm-none-eabi/13.3.1/thumb/v7e-m+fp/hard/libgcc.a(_arm_cmpdf2.o)
__errno                                           /Users/kroko/Library/Application Support/Code/User/globalStorage/bmd.stm32-for-vscode/@xpack-dev-tools/arm-none-eabi-gcc/13.3.1-1.1.1/.content/bin/../lib/gcc/arm-none-eabi/13.3.1/../../../../arm-none-eabi/lib/thumb/v7e-m+fp/hard/libc_nano.a(libc_a-errno.o)
                                                  /Users/kroko/Library/Application Support/Code/User/globalStorage/bmd.stm32-for-vscode/@xpack-dev-tools/arm-none-eabi-gcc/13.3.1-1.1.1/.content/bin/../lib/gcc/arm-none-eabi/13.3.1/../../../../arm-none-eabi/lib/thumb/v7e-m+fp/hard/libm.a(libm_a-math_err.o)
                                                  /Users/kroko/Library/Application Support/Code/User/globalStorage/bmd.stm32-for-vscode/@xpack-dev-tools/arm-none-eabi-gcc/13.3.1-1.1.1/.content/bin/../lib/gcc/arm-none-eabi/13.3.1/../../../../arm-none-eabi/lib/thumb/v7e-m+fp/hard/libm.a(libm_a-w_pow.o)
                                                  build/debug/sysmem.o
                                                  build/debug/syscalls.o
__extendsfdf2                                     /Users/kroko/Library/Application Support/Code/User/globalStorage/bmd.stm32-for-vscode/@xpack-dev-tools/arm-none-eabi-gcc/13.3.1-1.1.1/.content/bin/../lib/gcc/arm-none-eabi/13.3.1/thumb/v7e-m+fp/hard/libgcc.a(_arm_addsubdf3.o)
__fini_array_end                                  /Users/kroko/Library/Application Support/Code/User/globalStorage/bmd.stm32-for-vscode/@xpack-dev-tools/arm-none-eabi-gcc/13.3.1-1.1.1/.content/bin/../lib/gcc/arm-none-eabi/13.3.1/../../../../arm-none-eabi/lib/thumb/v7e-m+fp/hard/libc_nano.a(libc_a-fini.o)
__fini_array_start                                /Users/kroko/Library/Application Support/Code/User/globalStorage/bmd.stm32-for-vscode/@xpack-dev-tools/arm-none-eabi-gcc/13.3.1-1.1.1/.content/bin/../lib/gcc/arm-none-eabi/13.3.1/../../../../arm-none-eabi/lib/thumb/v7e-m+fp/hard/libc_nano.a(libc_a-fini.o)
__fixdfsi                                         /Users/kroko/Library/Application Support/Code/User/globalStorage/bmd.stm32-for-vscode/@xpack-dev-tools/arm-none-eabi-gcc/13.3.1-1.1.1/.content/bin/../lib/gcc/arm-none-eabi/13.3.1/thumb/v7e-m+fp/hard/libgcc.a(_arm_fixdfsi.o)
__fixunsdfsi                                      /Users/kroko/Library/Application Support/Code/User/globalStorage/bmd.stm32-for-vscode/@xpack-dev-tools/arm-none-eabi-gcc/13.3.1-1.1.1/.content/bin/../lib/gcc/arm-none-eabi/13.3.1/thumb/v7e-m+fp/hard/libgcc.a(_arm_fixunsdfsi.o)
__floatdidf                                       /Users/kroko/Library/Application Support/Code/User/globalStorage/bmd.stm32-for-vscode/@xpack-dev-tools/arm-none-eabi-gcc/13.3.1-1.1.1/.content/bin/../lib/gcc/arm-none-eabi/13.3.1/thumb/v7e-m+fp/hard/libgcc.a(_arm_addsubdf3.o)
__floatsidf                                       /Users/kroko/Library/Application Support/Code/User/globalStorage/bmd.stm32-for-vscode/@xpack-dev-tools/arm-none-eabi-gcc/13.3.1-1.1.1/.content/bin/../lib/gcc/arm-none-eabi/13.3.1/thumb/v7e-m+fp/hard/libgcc.a(_arm_addsubdf3.o)
__floatundidf                                     /Users/kroko/Library/Application Support/Code/User/globalStorage/bmd.stm32-for-vscode/@xpack-dev-tools/arm-none-eabi-gcc/13.3.1-1.1.1/.content/bin/../lib/gcc/arm-none-eabi/13.3.1/thumb/v7e-m+fp/hard/libgcc.a(_arm_addsubdf3.o)
__floatunsidf                                     /Users/kroko/Library/Application Support/Code/User/globalStorage/bmd.stm32-for-vscode/@xpack-dev-tools/arm-none-eabi-gcc/13.3.1-1.1.1/.content/bin/../lib/gcc/arm-none-eabi/13.3.1/thumb/v7e-m+fp/hard/libgcc.a(_arm_addsubdf3.o)
__fp_lock_all                                     /Users/kroko/Library/Application Support/Code/User/globalStorage/bmd.stm32-for-vscode/@xpack-dev-tools/arm-none-eabi-gcc/13.3.1-1.1.1/.content/bin/../lib/gcc/arm-none-eabi/13.3.1/../../../../arm-none-eabi/lib/thumb/v7e-m+fp/hard/libc_nano.a(libc_a-findfp.o)
__fp_unlock_all                                   /Users/kroko/Library/Application Support/Code/User/globalStorage/bmd.stm32-for-vscode/@xpack-dev-tools/arm-none-eabi-gcc/13.3.1-1.1.1/.content/bin/../lib/gcc/arm-none-eabi/13.3.1/../../../../arm-none-eabi/lib/thumb/v7e-m+fp/hard/libc_nano.a(libc_a-findfp.o)